Archive member included because of file (symbol)

c:/freescale/kds_v3/toolchain/bin/../lib/gcc/arm-none-eabi/4.8.4/../../../../arm-none-eabi/lib/armv6-m\libg_s.a(lib_a-errno.o)
                              ./utilities/fsl_sbrk.o (symbol from plugin) (__errno)
c:/freescale/kds_v3/toolchain/bin/../lib/gcc/arm-none-eabi/4.8.4/../../../../arm-none-eabi/lib/armv6-m\libg_s.a(lib_a-exit.o)
                              c:/freescale/kds_v3/toolchain/bin/../lib/gcc/arm-none-eabi/4.8.4/../../../../arm-none-eabi/lib/armv6-m/crt0.o (exit)
c:/freescale/kds_v3/toolchain/bin/../lib/gcc/arm-none-eabi/4.8.4/../../../../arm-none-eabi/lib/armv6-m\libg_s.a(lib_a-impure.o)
                              c:/freescale/kds_v3/toolchain/bin/../lib/gcc/arm-none-eabi/4.8.4/../../../../arm-none-eabi/lib/armv6-m\libg_s.a(lib_a-exit.o) (_global_impure_ptr)
c:/freescale/kds_v3/toolchain/bin/../lib/gcc/arm-none-eabi/4.8.4/../../../../arm-none-eabi/lib/armv6-m\libg_s.a(lib_a-init.o)
                              c:/freescale/kds_v3/toolchain/bin/../lib/gcc/arm-none-eabi/4.8.4/../../../../arm-none-eabi/lib/armv6-m/crt0.o (__libc_init_array)
c:/freescale/kds_v3/toolchain/bin/../lib/gcc/arm-none-eabi/4.8.4/../../../../arm-none-eabi/lib/armv6-m\libg_s.a(lib_a-memset.o)
                              c:/freescale/kds_v3/toolchain/bin/../lib/gcc/arm-none-eabi/4.8.4/../../../../arm-none-eabi/lib/armv6-m/crt0.o (memset)
c:/freescale/kds_v3/toolchain/bin/../lib/gcc/arm-none-eabi/4.8.4/../../../../arm-none-eabi/lib/armv6-m\libnosys.a(_exit.o)
                              c:/freescale/kds_v3/toolchain/bin/../lib/gcc/arm-none-eabi/4.8.4/../../../../arm-none-eabi/lib/armv6-m\libg_s.a(lib_a-exit.o) (_exit)
c:/freescale/kds_v3/toolchain/bin/../lib/gcc/arm-none-eabi/4.8.4/armv6-m\libgcc.a(_udivsi3.o)
                              C:\Users\CRHIST~1\AppData\Local\Temp\cciyJdUn.ltrans2.ltrans.o (__aeabi_uidiv)
c:/freescale/kds_v3/toolchain/bin/../lib/gcc/arm-none-eabi/4.8.4/armv6-m\libgcc.a(_divsi3.o)
                              C:\Users\CRHIST~1\AppData\Local\Temp\cciyJdUn.ltrans2.ltrans.o (__aeabi_idiv)
c:/freescale/kds_v3/toolchain/bin/../lib/gcc/arm-none-eabi/4.8.4/armv6-m\libgcc.a(_dvmd_tls.o)
                              c:/freescale/kds_v3/toolchain/bin/../lib/gcc/arm-none-eabi/4.8.4/armv6-m\libgcc.a(_udivsi3.o) (__aeabi_idiv0)
c:/freescale/kds_v3/toolchain/bin/../lib/gcc/arm-none-eabi/4.8.4/../../../../arm-none-eabi/lib/armv6-m\libg_s.a(lib_a-memcpy-stub.o)
                              C:\Users\CRHIST~1\AppData\Local\Temp\cciyJdUn.ltrans0.ltrans.o (memcpy)
c:/freescale/kds_v3/toolchain/bin/../lib/gcc/arm-none-eabi/4.8.4/../../../../arm-none-eabi/lib/armv6-m\libg_s.a(lib_a-memmove.o)
                              C:\Users\CRHIST~1\AppData\Local\Temp\cciyJdUn.ltrans17.ltrans.o (memmove)
c:/freescale/kds_v3/toolchain/bin/../lib/gcc/arm-none-eabi/4.8.4/../../../../arm-none-eabi/lib/armv6-m\libg_s.a(lib_a-strlen.o)
                              C:\Users\CRHIST~1\AppData\Local\Temp\cciyJdUn.ltrans17.ltrans.o (strlen)

Discarded input sections

 .text          0x00000000        0x0 c:/freescale/kds_v3/toolchain/bin/../lib/gcc/arm-none-eabi/4.8.4/armv6-m/crti.o
 .data          0x00000000        0x0 c:/freescale/kds_v3/toolchain/bin/../lib/gcc/arm-none-eabi/4.8.4/armv6-m/crti.o
 .bss           0x00000000        0x0 c:/freescale/kds_v3/toolchain/bin/../lib/gcc/arm-none-eabi/4.8.4/armv6-m/crti.o
 .data          0x00000000        0x4 c:/freescale/kds_v3/toolchain/bin/../lib/gcc/arm-none-eabi/4.8.4/armv6-m/crtbegin.o
 .data          0x00000000        0x0 c:/freescale/kds_v3/toolchain/bin/../lib/gcc/arm-none-eabi/4.8.4/../../../../arm-none-eabi/lib/armv6-m/crt0.o
 .bss           0x00000000        0x0 c:/freescale/kds_v3/toolchain/bin/../lib/gcc/arm-none-eabi/4.8.4/../../../../arm-none-eabi/lib/armv6-m/crt0.o
 .ARM.extab     0x00000000        0x0 c:/freescale/kds_v3/toolchain/bin/../lib/gcc/arm-none-eabi/4.8.4/../../../../arm-none-eabi/lib/armv6-m/crt0.o
 .text          0x00000000        0x0 ./utilities/fsl_debug_console.o (symbol from plugin)
 .text          0x00000000        0x0 C:\Users\CRHIST~1\AppData\Local\Temp\cciyJdUn.ltrans0.ltrans.o
 .data          0x00000000        0x0 C:\Users\CRHIST~1\AppData\Local\Temp\cciyJdUn.ltrans0.ltrans.o
 .bss           0x00000000        0x0 C:\Users\CRHIST~1\AppData\Local\Temp\cciyJdUn.ltrans0.ltrans.o
 .text.UART_TransferSendDMA.4254
                0x00000000      0x114 C:\Users\CRHIST~1\AppData\Local\Temp\cciyJdUn.ltrans0.ltrans.o
 .text.UART_TransferReceiveDMA.4244
                0x00000000      0x11c C:\Users\CRHIST~1\AppData\Local\Temp\cciyJdUn.ltrans0.ltrans.o
 .text.UART_TransferAbortSendDMA.4240
                0x00000000       0x84 C:\Users\CRHIST~1\AppData\Local\Temp\cciyJdUn.ltrans0.ltrans.o
 .text.UART_TransferAbortReceiveDMA.4236
                0x00000000       0x84 C:\Users\CRHIST~1\AppData\Local\Temp\cciyJdUn.ltrans0.ltrans.o
 .text.UART_TransferGetSendCountDMA.4231
[...]
Memory Configuration

Name             Origin             Length             Attributes
m_interrupts     0x00000000         0x00000200         xr
m_flash_config   0x00000400         0x00000010         xr
m_text           0x00000410         0x0000fbf0         xr
m_usb_sram       0x040fe000         0x00000200         rw
m_data           0x1ffff000         0x00004000         rw
*default*        0x00000000         0xffffffff

Linker script and memory map

LOAD c:/freescale/kds_v3/toolchain/bin/../lib/gcc/arm-none-eabi/4.8.4/armv6-m/crti.o
LOAD c:/freescale/kds_v3/toolchain/bin/../lib/gcc/arm-none-eabi/4.8.4/armv6-m/crtbegin.o
LOAD c:/freescale/kds_v3/toolchain/bin/../lib/gcc/arm-none-eabi/4.8.4/../../../../arm-none-eabi/lib/armv6-m/crt0.o
LOAD ./utilities/fsl_debug_console.o
LOAD C:\Users\CRHIST~1\AppData\Local\Temp\cciyJdUn.ltrans0.ltrans.o
LOAD C:\Users\CRHIST~1\AppData\Local\Temp\cciyJdUn.ltrans1.ltrans.o
LOAD C:\Users\CRHIST~1\AppData\Local\Temp\cciyJdUn.ltrans2.ltrans.o
LOAD C:\Users\CRHIST~1\AppData\Local\Temp\cciyJdUn.ltrans3.ltrans.o
LOAD C:\Users\CRHIST~1\AppData\Local\Temp\cciyJdUn.ltrans4.ltrans.o
LOAD C:\Users\CRHIST~1\AppData\Local\Temp\cciyJdUn.ltrans5.ltrans.o
LOAD C:\Users\CRHIST~1\AppData\Local\Temp\cciyJdUn.ltrans6.ltrans.o
LOAD C:\Users\CRHIST~1\AppData\Local\Temp\cciyJdUn.ltrans7.ltrans.o
LOAD C:\Users\CRHIST~1\AppData\Local\Temp\cciyJdUn.ltrans8.ltrans.o
LOAD C:\Users\CRHIST~1\AppData\Local\Temp\cciyJdUn.ltrans9.ltrans.o
LOAD C:\Users\CRHIST~1\AppData\Local\Temp\cciyJdUn.ltrans10.ltrans.o
LOAD C:\Users\CRHIST~1\AppData\Local\Temp\cciyJdUn.ltrans11.ltrans.o
LOAD C:\Users\CRHIST~1\AppData\Local\Temp\cciyJdUn.ltrans12.ltrans.o
LOAD C:\Users\CRHIST~1\AppData\Local\Temp\cciyJdUn.ltrans13.ltrans.o
LOAD C:\Users\CRHIST~1\AppData\Local\Temp\cciyJdUn.ltrans14.ltrans.o
LOAD C:\Users\CRHIST~1\AppData\Local\Temp\cciyJdUn.ltrans15.ltrans.o
LOAD C:\Users\CRHIST~1\AppData\Local\Temp\cciyJdUn.ltrans16.ltrans.o
LOAD C:\Users\CRHIST~1\AppData\Local\Temp\cciyJdUn.ltrans17.ltrans.o
LOAD c:/freescale/kds_v3/toolchain/bin/../lib/gcc/arm-none-eabi/4.8.4/armv6-m\libgcc.a
LOAD c:/freescale/kds_v3/toolchain/bin/../lib/gcc/arm-none-eabi/4.8.4/../../../../arm-none-eabi/lib/armv6-m\libg_s.a
LOAD c:/freescale/kds_v3/toolchain/bin/../lib/gcc/arm-none-eabi/4.8.4/../../../../arm-none-eabi/lib/armv6-m\libc_s.a
LOAD c:/freescale/kds_v3/toolchain/bin/../lib/gcc/arm-none-eabi/4.8.4/armv6-m\libgcc.a
LOAD c:/freescale/kds_v3/toolchain/bin/../lib/gcc/arm-none-eabi/4.8.4/../../../../arm-none-eabi/lib/armv6-m\libc_s.a
LOAD c:/freescale/kds_v3/toolchain/bin/../lib/gcc/arm-none-eabi/4.8.4/../../../../arm-none-eabi/lib/armv6-m\libnosys.a
LOAD c:/freescale/kds_v3/toolchain/bin/../lib/gcc/arm-none-eabi/4.8.4/armv6-m\libgcc.a
LOAD c:/freescale/kds_v3/toolchain/bin/../lib/gcc/arm-none-eabi/4.8.4/../../../../arm-none-eabi/lib/armv6-m\libc_s.a
LOAD c:/freescale/kds_v3/toolchain/bin/../lib/gcc/arm-none-eabi/4.8.4/../../../../arm-none-eabi/lib/armv6-m\libnosys.a
LOAD ./utilities/fsl_notifier.o
LOAD ./utilities/fsl_sbrk.o
LOAD ./utilities/fsl_shell.o
LOAD ./startup/startup_MKL27Z644.o
LOAD ./startup/system_MKL27Z644.o
LOAD ./source/main.o
LOAD ./drivers/fsl_adc16.o
LOAD ./drivers/fsl_clock.o
LOAD ./drivers/fsl_cmp.o
LOAD ./drivers/fsl_common.o
LOAD ./drivers/fsl_cop.o
LOAD ./drivers/fsl_crc.o
LOAD ./drivers/fsl_dma.o
LOAD ./drivers/fsl_dmamux.o
LOAD ./drivers/fsl_flash.o
LOAD ./drivers/fsl_flexio.o
LOAD ./drivers/fsl_flexio_i2c_master.o
LOAD ./drivers/fsl_flexio_i2s.o
LOAD ./drivers/fsl_flexio_i2s_dma.o
LOAD ./drivers/fsl_flexio_spi.o
LOAD ./drivers/fsl_flexio_spi_dma.o
LOAD ./drivers/fsl_flexio_uart.o
LOAD ./drivers/fsl_flexio_uart_dma.o
LOAD ./drivers/fsl_gpio.o
LOAD ./drivers/fsl_i2c.o
LOAD ./drivers/fsl_i2c_dma.o
LOAD ./drivers/fsl_llwu.o
LOAD ./drivers/fsl_lptmr.o
LOAD ./drivers/fsl_lpuart.o
LOAD ./drivers/fsl_lpuart_dma.o
LOAD ./drivers/fsl_pit.o
LOAD ./drivers/fsl_pmc.o
LOAD ./drivers/fsl_rcm.o
LOAD ./drivers/fsl_rtc.o
LOAD ./drivers/fsl_sim.o
LOAD ./drivers/fsl_smc.o
LOAD ./drivers/fsl_spi.o
LOAD ./drivers/fsl_spi_dma.o
LOAD ./drivers/fsl_tpm.o
LOAD ./drivers/fsl_uart.o
LOAD ./drivers/fsl_uart_dma.o
LOAD ./drivers/fsl_vref.o
LOAD ./board/board.o
LOAD ./board/clock_config.o
LOAD ./board/pin_mux.o
LOAD c:/freescale/kds_v3/toolchain/bin/../lib/gcc/arm-none-eabi/4.8.4/../../../../arm-none-eabi/lib/armv6-m\libstdc++_s.a
LOAD c:/freescale/kds_v3/toolchain/bin/../lib/gcc/arm-none-eabi/4.8.4/../../../../arm-none-eabi/lib/armv6-m\libm.a
START GROUP
LOAD c:/freescale/kds_v3/toolchain/bin/../lib/gcc/arm-none-eabi/4.8.4/armv6-m\libgcc.a
LOAD c:/freescale/kds_v3/toolchain/bin/../lib/gcc/arm-none-eabi/4.8.4/../../../../arm-none-eabi/lib/armv6-m\libg_s.a
LOAD c:/freescale/kds_v3/toolchain/bin/../lib/gcc/arm-none-eabi/4.8.4/../../../../arm-none-eabi/lib/armv6-m\libc_s.a
END GROUP
START GROUP
LOAD c:/freescale/kds_v3/toolchain/bin/../lib/gcc/arm-none-eabi/4.8.4/armv6-m\libgcc.a
LOAD c:/freescale/kds_v3/toolchain/bin/../lib/gcc/arm-none-eabi/4.8.4/../../../../arm-none-eabi/lib/armv6-m\libc_s.a
LOAD c:/freescale/kds_v3/toolchain/bin/../lib/gcc/arm-none-eabi/4.8.4/../../../../arm-none-eabi/lib/armv6-m\libnosys.a
END GROUP
START GROUP
LOAD c:/freescale/kds_v3/toolchain/bin/../lib/gcc/arm-none-eabi/4.8.4/armv6-m\libgcc.a
LOAD c:/freescale/kds_v3/toolchain/bin/../lib/gcc/arm-none-eabi/4.8.4/../../../../arm-none-eabi/lib/armv6-m\libc_s.a
LOAD c:/freescale/kds_v3/toolchain/bin/../lib/gcc/arm-none-eabi/4.8.4/../../../../arm-none-eabi/lib/armv6-m\libnosys.a
END GROUP
LOAD c:/freescale/kds_v3/toolchain/bin/../lib/gcc/arm-none-eabi/4.8.4/armv6-m/crtend.o
LOAD c:/freescale/kds_v3/toolchain/bin/../lib/gcc/arm-none-eabi/4.8.4/armv6-m/crtn.o
                0x00000400                HEAP_SIZE = DEFINED (__heap_size__)?__heap_size__:0x400
                0x00000400                STACK_SIZE = DEFINED (__stack_size__)?__stack_size__:0x400
                0x00000000                M_VECTOR_RAM_SIZE = DEFINED (__ram_vector_table__)?0x200:0x0

.interrupts     0x00000000       0xc0
                0x00000000                __VECTOR_TABLE = .
                0x00000000                . = ALIGN (0x4)
 *(.isr_vector)
 .isr_vector    0x00000000       0xc0 ./startup/startup_MKL27Z644.o
                0x00000000                __isr_vector
                0x000000c0                . = ALIGN (0x4)

.flash_config   0x00000400       0x10
                0x00000400                . = ALIGN (0x4)
 *(.FlashConfig)
 .FlashConfig   0x00000400       0x10 ./startup/startup_MKL27Z644.o
                0x00000410                . = ALIGN (0x4)

.text           0x00000410     0x2780
                0x00000410                . = ALIGN (0x4)
 *(.text)
 .text          0x00000410       0x60 c:/freescale/kds_v3/toolchain/bin/../lib/gcc/arm-none-eabi/4.8.4/armv6-m/crtbegin.o
 .text          0x00000470       0x78 c:/freescale/kds_v3/toolchain/bin/../lib/gcc/arm-none-eabi/4.8.4/../../../../arm-none-eabi/lib/armv6-m/crt0.o
                0x00000470                _start
                0x00000470                _mainCRTStartup
 .text          0x000004e8       0x9c c:/freescale/kds_v3/toolchain/bin/../lib/gcc/arm-none-eabi/4.8.4/armv6-m\libgcc.a(_udivsi3.o)
                0x000004e8                __aeabi_uidiv
                0x000004e8                __udivsi3
                0x00000570                __aeabi_uidivmod
 .text          0x00000584       0xc0 c:/freescale/kds_v3/toolchain/bin/../lib/gcc/arm-none-eabi/4.8.4/armv6-m\libgcc.a(_divsi3.o)
                0x00000584                __divsi3
                0x00000584                __aeabi_idiv
                0x00000630                __aeabi_idivmod
 .text          0x00000644        0x4 c:/freescale/kds_v3/toolchain/bin/../lib/gcc/arm-none-eabi/4.8.4/armv6-m\libgcc.a(_dvmd_tls.o)
                0x00000644                __aeabi_idiv0
                0x00000644                __aeabi_ldiv0
 .text          0x00000648       0xc8 ./startup/startup_MKL27Z644.o
                0x00000648                Reset_Handler
                0x00000688                Reserved45_IRQHandler
                0x00000688                TPM1_IRQHandler
                0x00000688                PORTA_IRQHandler
                0x00000688                PIT_IRQHandler
                0x00000688                CMP0_IRQHandler
                0x00000688                LPTMR0_IRQHandler
                0x00000688                TPM0_IRQHandler
                0x00000688                LLWU_IRQHandler
                0x00000688                Reserved42_IRQHandler
                0x00000688                ADC0_IRQHandler
                0x00000688                Reserved39_IRQHandler
                0x00000688                FTFA_IRQHandler
                0x00000688                DefaultISR
                0x00000688                TPM2_IRQHandler
                0x00000688                Reserved43_IRQHandler
                0x00000688                RTC_IRQHandler
                0x00000688                PORTB_PORTC_PORTD_PORTE_IRQHandler
                0x00000688                RTC_Seconds_IRQHandler
                0x00000688                Reserved41_IRQHandler
                0x00000688                Reserved20_IRQHandler
                0x00000688                USB0_IRQHandler
                0x00000688                PMC_IRQHandler
                0x0000068c                NMI_Handler
                0x00000690                HardFault_Handler
                0x00000694                SVC_Handler
                0x00000698                PendSV_Handler
                0x0000069c                SysTick_Handler
                0x000006a0                DMA0_IRQHandler
                0x000006a4                DMA1_IRQHandler
                0x000006a8                DMA2_IRQHandler
                0x000006ac                DMA3_IRQHandler
                0x000006b0                I2C0_IRQHandler
                0x000006b4                I2C1_IRQHandler
                0x000006b8                SPI0_IRQHandler
                0x000006bc                SPI1_IRQHandler
                0x000006c0                LPUART0_IRQHandler
                0x000006c4                LPUART1_IRQHandler
                0x000006c8                UART2_FLEXIO_IRQHandler
 *(.text*)
 .text.CLOCK_SetLpuart0Clock.10645.4112
                0x00000710       0x38 C:\Users\CRHIST~1\AppData\Local\Temp\cciyJdUn.ltrans0.ltrans.o
 .text.BOARD_InitDebugConsole
                0x00000748       0x30 C:\Users\CRHIST~1\AppData\Local\Temp\cciyJdUn.ltrans0.ltrans.o
                0x00000748                BOARD_InitDebugConsole
 .text.CLOCK_SetSimSafeDivs.10688.4107
                0x00000778       0x1c C:\Users\CRHIST~1\AppData\Local\Temp\cciyJdUn.ltrans0.ltrans.o
 .text.BOARD_BootClockRUN
                0x00000794       0x58 C:\Users\CRHIST~1\AppData\Local\Temp\cciyJdUn.ltrans0.ltrans.o
                0x00000794                BOARD_BootClockRUN
 .text.CLOCK_EnableClock.10793.4075
                0x000007ec       0x34 C:\Users\CRHIST~1\AppData\Local\Temp\cciyJdUn.ltrans0.ltrans.o
 .text.PORT_SetPinMux.10799.4034
                0x00000820       0x3c C:\Users\CRHIST~1\AppData\Local\Temp\cciyJdUn.ltrans0.ltrans.o
 .text.BOARD_InitPins
                0x0000085c       0x4c C:\Users\CRHIST~1\AppData\Local\Temp\cciyJdUn.ltrans0.ltrans.o
                0x0000085c                BOARD_InitPins
 .text.CLOCK_EnableClock.10133.4179
                0x000008a8       0x34 C:\Users\CRHIST~1\AppData\Local\Temp\cciyJdUn.ltrans2.ltrans.o
 .text.UART_GetInstance
                0x000008dc       0x60 C:\Users\CRHIST~1\AppData\Local\Temp\cciyJdUn.ltrans2.ltrans.o
                0x000008dc                UART_GetInstance
 .text.UART_Init
                0x0000093c      0x214 C:\Users\CRHIST~1\AppData\Local\Temp\cciyJdUn.ltrans2.ltrans.o
                0x0000093c                UART_Init
 .text.UART_GetDefaultConfig
                0x00000b50       0x4c C:\Users\CRHIST~1\AppData\Local\Temp\cciyJdUn.ltrans2.ltrans.o
                0x00000b50                UART_GetDefaultConfig
 .text.UART_GetStatusFlags.4119
                0x00000b9c       0x28 C:\Users\CRHIST~1\AppData\Local\Temp\cciyJdUn.ltrans2.ltrans.o
 .text.UART_WriteBlocking
                0x00000bc4       0x38 C:\Users\CRHIST~1\AppData\Local\Temp\cciyJdUn.ltrans2.ltrans.o
                0x00000bc4                UART_WriteBlocking
 .text.UART_ReadBlocking
                0x00000bfc       0xa8 C:\Users\CRHIST~1\AppData\Local\Temp\cciyJdUn.ltrans2.ltrans.o
                0x00000bfc                UART_ReadBlocking
 .text.SPI_CommonIRQHandler.9775.4093
                0x00000ca4       0x54 C:\Users\CRHIST~1\AppData\Local\Temp\cciyJdUn.ltrans3.ltrans.o
 .text.SPI0_DriverIRQHandler
                0x00000cf8       0x3c C:\Users\CRHIST~1\AppData\Local\Temp\cciyJdUn.ltrans3.ltrans.o
                0x00000cf8                SPI0_DriverIRQHandler
 .text.SPI1_DriverIRQHandler
                0x00000d34       0x3c C:\Users\CRHIST~1\AppData\Local\Temp\cciyJdUn.ltrans3.ltrans.o
                0x00000d34                SPI1_DriverIRQHandler
 .text.LPUART_WriteBlocking
                0x00000d70       0x58 C:\Users\CRHIST~1\AppData\Local\Temp\cciyJdUn.ltrans5.ltrans.o
                0x00000d70                LPUART_WriteBlocking
 .text.LPUART_ReadBlocking
                0x00000dc8       0xe4 C:\Users\CRHIST~1\AppData\Local\Temp\cciyJdUn.ltrans5.ltrans.o
                0x00000dc8                LPUART_ReadBlocking
 .text.LPUART0_DriverIRQHandler
                0x00000eac       0x24 C:\Users\CRHIST~1\AppData\Local\Temp\cciyJdUn.ltrans5.ltrans.o
                0x00000eac                LPUART0_DriverIRQHandler
 .text.LPUART1_DriverIRQHandler
                0x00000ed0       0x24 C:\Users\CRHIST~1\AppData\Local\Temp\cciyJdUn.ltrans5.ltrans.o
                0x00000ed0                LPUART1_DriverIRQHandler
 .text.CLOCK_EnableClock.8776.4137
                0x00000ef4       0x34 C:\Users\CRHIST~1\AppData\Local\Temp\cciyJdUn.ltrans6.ltrans.o
 .text.LPUART_GetInstance
                0x00000f28       0x58 C:\Users\CRHIST~1\AppData\Local\Temp\cciyJdUn.ltrans6.ltrans.o
                0x00000f28                LPUART_GetInstance
 .text.LPUART_Init
                0x00000f80      0x29c C:\Users\CRHIST~1\AppData\Local\Temp\cciyJdUn.ltrans6.ltrans.o
                0x00000f80                LPUART_Init
 .text.LPUART_GetDefaultConfig
                0x0000121c       0x5c C:\Users\CRHIST~1\AppData\Local\Temp\cciyJdUn.ltrans6.ltrans.o
                0x0000121c                LPUART_GetDefaultConfig
 .text.LPUART_GetStatusFlags
                0x00001278       0x18 C:\Users\CRHIST~1\AppData\Local\Temp\cciyJdUn.ltrans6.ltrans.o
                0x00001278                LPUART_GetStatusFlags
 .text.LPUART_ClearStatusFlags
                0x00001290       0x88 C:\Users\CRHIST~1\AppData\Local\Temp\cciyJdUn.ltrans6.ltrans.o
                0x00001290                LPUART_ClearStatusFlags
 .text.I2C0_DriverIRQHandler
                0x00001318       0x20 C:\Users\CRHIST~1\AppData\Local\Temp\cciyJdUn.ltrans7.ltrans.o
                0x00001318                I2C0_DriverIRQHandler
 .text.I2C1_DriverIRQHandler
                0x00001338       0x20 C:\Users\CRHIST~1\AppData\Local\Temp\cciyJdUn.ltrans7.ltrans.o
                0x00001338                I2C1_DriverIRQHandler
 .text.GPIO_WritePinOutput.8082.4196
                0x00001358       0x34 C:\Users\CRHIST~1\AppData\Local\Temp\cciyJdUn.ltrans8.ltrans.o
 .text.GPIO_PinInit
                0x0000138c       0x78 C:\Users\CRHIST~1\AppData\Local\Temp\cciyJdUn.ltrans8.ltrans.o
                0x0000138c                GPIO_PinInit
 .text.I2C_TransferCommonIRQHandler.8200
                0x00001404       0x58 C:\Users\CRHIST~1\AppData\Local\Temp\cciyJdUn.ltrans8.ltrans.o
                0x00001404                I2C_TransferCommonIRQHandler.8200
 .text.FLEXIO_CommonIRQHandler.4208
                0x0000145c       0x64 C:\Users\CRHIST~1\AppData\Local\Temp\cciyJdUn.ltrans13.ltrans.o
 .text.UART2_FLEXIO_DriverIRQHandler
                0x000014c0        0xc C:\Users\CRHIST~1\AppData\Local\Temp\cciyJdUn.ltrans13.ltrans.o
                0x000014c0                UART2_FLEXIO_DriverIRQHandler
 .text.DMA_HandleIRQ.4215
                0x000014cc       0x60 C:\Users\CRHIST~1\AppData\Local\Temp\cciyJdUn.ltrans14.ltrans.o
 .text.DMA0_DriverIRQHandler
                0x0000152c       0x18 C:\Users\CRHIST~1\AppData\Local\Temp\cciyJdUn.ltrans14.ltrans.o
                0x0000152c                DMA0_DriverIRQHandler
 .text.DMA1_DriverIRQHandler
                0x00001544       0x18 C:\Users\CRHIST~1\AppData\Local\Temp\cciyJdUn.ltrans14.ltrans.o
                0x00001544                DMA1_DriverIRQHandler
 .text.DMA2_DriverIRQHandler
                0x0000155c       0x18 C:\Users\CRHIST~1\AppData\Local\Temp\cciyJdUn.ltrans14.ltrans.o
                0x0000155c                DMA2_DriverIRQHandler
 .text.DMA3_DriverIRQHandler
                0x00001574       0x18 C:\Users\CRHIST~1\AppData\Local\Temp\cciyJdUn.ltrans14.ltrans.o
                0x00001574                DMA3_DriverIRQHandler
 .text.CLOCK_SetSimConfig
                0x0000158c       0x2c C:\Users\CRHIST~1\AppData\Local\Temp\cciyJdUn.ltrans15.ltrans.o
                0x0000158c                CLOCK_SetSimConfig
 .text.CLOCK_GetPeriphClkFreq
                0x000015b8       0x38 C:\Users\CRHIST~1\AppData\Local\Temp\cciyJdUn.ltrans15.ltrans.o
                0x000015b8                CLOCK_GetPeriphClkFreq
 .text.CLOCK_SetMcgliteConfig
                0x000015f0      0x120 C:\Users\CRHIST~1\AppData\Local\Temp\cciyJdUn.ltrans15.ltrans.o
                0x000015f0                CLOCK_SetMcgliteConfig
 .text.__assert_func
                0x00001710       0x28 C:\Users\CRHIST~1\AppData\Local\Temp\cciyJdUn.ltrans15.ltrans.o
                0x00001710                __assert_func
 .text.DMA_ClearChannelStatusFlags.5291
                0x00001738       0x60 C:\Users\CRHIST~1\AppData\Local\Temp\cciyJdUn.ltrans15.ltrans.o
                0x00001738                DMA_ClearChannelStatusFlags.5291
 .text.SystemInit
                0x00001798       0x38 C:\Users\CRHIST~1\AppData\Local\Temp\cciyJdUn.ltrans16.ltrans.o
                0x00001798                SystemInit
 .text.GPIO_WritePinOutput.4485.4212
                0x000017d0       0x34 C:\Users\CRHIST~1\AppData\Local\Temp\cciyJdUn.ltrans16.ltrans.o
 .text.GPIO_SetPinsOutput.4503.4208
                0x00001804       0x18 C:\Users\CRHIST~1\AppData\Local\Temp\cciyJdUn.ltrans16.ltrans.o
 .text.GPIO_ClearPinsOutput.4507.4196
                0x0000181c       0x18 C:\Users\CRHIST~1\AppData\Local\Temp\cciyJdUn.ltrans16.ltrans.o
 .text.delay.4511.4193
                0x00001834       0x20 C:\Users\CRHIST~1\AppData\Local\Temp\cciyJdUn.ltrans16.ltrans.o
 .text.main     0x00001854       0xec C:\Users\CRHIST~1\AppData\Local\Temp\cciyJdUn.ltrans16.ltrans.o
                0x00001854                main
 .text.CLOCK_SetEr32kClock.4683
                0x00001940       0x30 C:\Users\CRHIST~1\AppData\Local\Temp\cciyJdUn.ltrans16.ltrans.o
                0x00001940                CLOCK_SetEr32kClock.4683
 .text.UART_EnableTx.4013.4268
                0x00001970       0x40 C:\Users\CRHIST~1\AppData\Local\Temp\cciyJdUn.ltrans17.ltrans.o
 .text.UART_EnableRx.4059.4264
                0x000019b0       0x40 C:\Users\CRHIST~1\AppData\Local\Temp\cciyJdUn.ltrans17.ltrans.o
 .text.LPUART_EnableTx.4063.4260
                0x000019f0       0x3c C:\Users\CRHIST~1\AppData\Local\Temp\cciyJdUn.ltrans17.ltrans.o
 .text.LPUART_EnableRx.4076.4256
                0x00001a2c       0x3c C:\Users\CRHIST~1\AppData\Local\Temp\cciyJdUn.ltrans17.ltrans.o
 .text.DbgConsole_Init
                0x00001a68       0xf8 C:\Users\CRHIST~1\AppData\Local\Temp\cciyJdUn.ltrans17.ltrans.o
                0x00001a68                DbgConsole_Init
 .text.DbgConsole_Printf
                0x00001b60       0x48 C:\Users\CRHIST~1\AppData\Local\Temp\cciyJdUn.ltrans17.ltrans.o
                0x00001b60                DbgConsole_Printf
 .text.DbgConsole_Putchar.4174
                0x00001ba8       0x38 C:\Users\CRHIST~1\AppData\Local\Temp\cciyJdUn.ltrans17.ltrans.o
 .text.DbgConsole_PrintfPaddingCharacter.4105.4159
                0x00001be0       0x48 C:\Users\CRHIST~1\AppData\Local\Temp\cciyJdUn.ltrans17.ltrans.o
 .text.DbgConsole_ConvertRadixNumToString.4113.4152
                0x00001c28      0x114 C:\Users\CRHIST~1\AppData\Local\Temp\cciyJdUn.ltrans17.ltrans.o
 .text.DbgConsole_PrintfFormattedData.4120.4146
                0x00001d3c      0x344 C:\Users\CRHIST~1\AppData\Local\Temp\cciyJdUn.ltrans17.ltrans.o
 .text.memcpy   0x00002080       0x12 c:/freescale/kds_v3/toolchain/bin/../lib/gcc/arm-none-eabi/4.8.4/../../../../arm-none-eabi/lib/armv6-m\libg_s.a(lib_a-memcpy-stub.o)
                0x00002080                memcpy
 .text.strlen   0x00002092        0xe c:/freescale/kds_v3/toolchain/bin/../lib/gcc/arm-none-eabi/4.8.4/../../../../arm-none-eabi/lib/armv6-m\libg_s.a(lib_a-strlen.o)
                0x00002092                strlen
 .text.exit     0x000020a0       0x2c c:/freescale/kds_v3/toolchain/bin/../lib/gcc/arm-none-eabi/4.8.4/../../../../arm-none-eabi/lib/armv6-m\libg_s.a(lib_a-exit.o)
                0x000020a0                exit
 .text.__libc_init_array
                0x000020cc       0x4c c:/freescale/kds_v3/toolchain/bin/../lib/gcc/arm-none-eabi/4.8.4/../../../../arm-none-eabi/lib/armv6-m\libg_s.a(lib_a-init.o)
                0x000020cc                __libc_init_array
 .text.memset   0x00002118       0x10 c:/freescale/kds_v3/toolchain/bin/../lib/gcc/arm-none-eabi/4.8.4/../../../../arm-none-eabi/lib/armv6-m\libg_s.a(lib_a-memset.o)
                0x00002118                memset
 .text._exit    0x00002128        0x4 c:/freescale/kds_v3/toolchain/bin/../lib/gcc/arm-none-eabi/4.8.4/../../../../arm-none-eabi/lib/armv6-m\libnosys.a(_exit.o)
                0x00002128                _exit
 *(.rodata)
 .rodata        0x0000212c      0x100 C:\Users\CRHIST~1\AppData\Local\Temp\cciyJdUn.ltrans0.ltrans.o
 .rodata        0x0000222c      0x148 C:\Users\CRHIST~1\AppData\Local\Temp\cciyJdUn.ltrans2.ltrans.o
 .rodata        0x00002374       0xb4 C:\Users\CRHIST~1\AppData\Local\Temp\cciyJdUn.ltrans3.ltrans.o
 .rodata        0x00002428       0xec C:\Users\CRHIST~1\AppData\Local\Temp\cciyJdUn.ltrans5.ltrans.o
 .rodata        0x00002514      0x144 C:\Users\CRHIST~1\AppData\Local\Temp\cciyJdUn.ltrans6.ltrans.o
 .rodata        0x00002658      0x110 C:\Users\CRHIST~1\AppData\Local\Temp\cciyJdUn.ltrans8.ltrans.o
 .rodata        0x00002768      0x140 C:\Users\CRHIST~1\AppData\Local\Temp\cciyJdUn.ltrans14.ltrans.o
 .rodata        0x000028a8      0x168 C:\Users\CRHIST~1\AppData\Local\Temp\cciyJdUn.ltrans15.ltrans.o
 *(.rodata*)
 .rodata.LED_configOutput.5391.4526
                0x00002a10        0x4 C:\Users\CRHIST~1\AppData\Local\Temp\cciyJdUn.ltrans17.ltrans.o
                0x00002a10                LED_configOutput.5391.4526
 .rodata.__func__.5407.4791
                0x00002a14       0x18 C:\Users\CRHIST~1\AppData\Local\Temp\cciyJdUn.ltrans17.ltrans.o
                0x00002a14                __func__.5407.4791
 .rodata.__func__.5610.5412
                0x00002a2c       0x10 C:\Users\CRHIST~1\AppData\Local\Temp\cciyJdUn.ltrans17.ltrans.o
                0x00002a2c                __func__.5610.5412
 .rodata.__func__.5478.5399
                0x00002a3c       0x1c C:\Users\CRHIST~1\AppData\Local\Temp\cciyJdUn.ltrans17.ltrans.o
                0x00002a3c                __func__.5478.5399
 .rodata.__func__.5366.8125
                0x00002a58       0x10 C:\Users\CRHIST~1\AppData\Local\Temp\cciyJdUn.ltrans17.ltrans.o
                0x00002a58                __func__.5366.8125
 .rodata.s_lpuartBases.8966
                0x00002a68        0x8 C:\Users\CRHIST~1\AppData\Local\Temp\cciyJdUn.ltrans17.ltrans.o
                0x00002a68                s_lpuartBases.8966
 .rodata.s_lpuartClock.8973
                0x00002a70        0x8 C:\Users\CRHIST~1\AppData\Local\Temp\cciyJdUn.ltrans17.ltrans.o
                0x00002a70                s_lpuartClock.8973
 .rodata.__func__.5536.8967
                0x00002a78       0x14 C:\Users\CRHIST~1\AppData\Local\Temp\cciyJdUn.ltrans17.ltrans.o
                0x00002a78                __func__.5536.8967
 .rodata.__func__.5574.8972
                0x00002a8c        0xc C:\Users\CRHIST~1\AppData\Local\Temp\cciyJdUn.ltrans17.ltrans.o
                0x00002a8c                __func__.5574.8972
 .rodata.__func__.5596.8974
                0x00002a98       0x18 C:\Users\CRHIST~1\AppData\Local\Temp\cciyJdUn.ltrans17.ltrans.o
                0x00002a98                __func__.5596.8974
 .rodata.__func__.5642.8977
                0x00002ab0       0x18 C:\Users\CRHIST~1\AppData\Local\Temp\cciyJdUn.ltrans17.ltrans.o
                0x00002ab0                __func__.5642.8977
 .rodata.__func__.5654.8978
                0x00002ac8       0x14 C:\Users\CRHIST~1\AppData\Local\Temp\cciyJdUn.ltrans17.ltrans.o
                0x00002ac8                __func__.5654.8978
 .rodata.__func__.5757.9803
                0x00002adc       0x18 C:\Users\CRHIST~1\AppData\Local\Temp\cciyJdUn.ltrans17.ltrans.o
                0x00002adc                __func__.5757.9803
 .rodata.__func__.5761.9804
                0x00002af4       0x18 C:\Users\CRHIST~1\AppData\Local\Temp\cciyJdUn.ltrans17.ltrans.o
                0x00002af4                __func__.5761.9804
 .rodata.s_uartBases.10345
                0x00002b0c        0xc C:\Users\CRHIST~1\AppData\Local\Temp\cciyJdUn.ltrans17.ltrans.o
                0x00002b0c                s_uartBases.10345
 .rodata.s_uartClock.10350
                0x00002b18        0xc C:\Users\CRHIST~1\AppData\Local\Temp\cciyJdUn.ltrans17.ltrans.o
                0x00002b18                s_uartClock.10350
 .rodata.__func__.5526.10346
                0x00002b24       0x14 C:\Users\CRHIST~1\AppData\Local\Temp\cciyJdUn.ltrans17.ltrans.o
                0x00002b24                __func__.5526.10346
 .rodata.__func__.5542.10349
                0x00002b38        0xc C:\Users\CRHIST~1\AppData\Local\Temp\cciyJdUn.ltrans17.ltrans.o
                0x00002b38                __func__.5542.10349
 .rodata.__func__.5557.10351
                0x00002b44       0x18 C:\Users\CRHIST~1\AppData\Local\Temp\cciyJdUn.ltrans17.ltrans.o
                0x00002b44                __func__.5557.10351
 .rodata.__func__.5617.10354
                0x00002b5c       0x14 C:\Users\CRHIST~1\AppData\Local\Temp\cciyJdUn.ltrans17.ltrans.o
                0x00002b5c                __func__.5617.10354
 .rodata.str1.1
                0x00002b70        0x2 c:/freescale/kds_v3/toolchain/bin/../lib/gcc/arm-none-eabi/4.8.4/../../../../arm-none-eabi/lib/armv6-m\libg_s.a(lib_a-impure.o)
 *fill*         0x00002b72        0x2 
 .rodata._global_impure_ptr
                0x00002b74        0x4 c:/freescale/kds_v3/toolchain/bin/../lib/gcc/arm-none-eabi/4.8.4/../../../../arm-none-eabi/lib/armv6-m\libg_s.a(lib_a-impure.o)
                0x00002b74                _global_impure_ptr
 *(.glue_7)
 .glue_7        0x00000000        0x0 linker stubs
 *(.glue_7t)
 .glue_7t       0x00000000        0x0 linker stubs
 *(.eh_frame)
 .eh_frame      0x00002b78        0x0 c:/freescale/kds_v3/toolchain/bin/../lib/gcc/arm-none-eabi/4.8.4/armv6-m/crtbegin.o
 *(.init)
 .init          0x00002b78        0x4 c:/freescale/kds_v3/toolchain/bin/../lib/gcc/arm-none-eabi/4.8.4/armv6-m/crti.o
                0x00002b78                _init
 .init          0x00002b7c        0x8 c:/freescale/kds_v3/toolchain/bin/../lib/gcc/arm-none-eabi/4.8.4/armv6-m/crtn.o
 *(.fini)
 .fini          0x00002b84        0x4 c:/freescale/kds_v3/toolchain/bin/../lib/gcc/arm-none-eabi/4.8.4/armv6-m/crti.o
                0x00002b84                _fini
 .fini          0x00002b88        0x8 c:/freescale/kds_v3/toolchain/bin/../lib/gcc/arm-none-eabi/4.8.4/armv6-m/crtn.o
                0x00002b90                . = ALIGN (0x4)

.vfp11_veneer   0x00002b90        0x0
 .vfp11_veneer  0x00000000        0x0 linker stubs

.v4_bx          0x00002b90        0x0
 .v4_bx         0x00000000        0x0 linker stubs

.iplt           0x00002b90        0x0
 .iplt          0x00000000        0x0 c:/freescale/kds_v3/toolchain/bin/../lib/gcc/arm-none-eabi/4.8.4/armv6-m/crtbegin.o

.ARM.extab
 *(.ARM.extab* .gnu.linkonce.armextab.*)

.ARM            0x00002b90        0x8
                0x00002b90                __exidx_start = .
 *(.ARM.exidx*)
 .ARM.exidx     0x00002b90        0x8 c:/freescale/kds_v3/toolchain/bin/../lib/gcc/arm-none-eabi/4.8.4/../../../../arm-none-eabi/lib/armv6-m/crt0.o
                0x00002b98                __exidx_end = .

.rel.dyn        0x00002b98        0x0
 .rel.iplt      0x00000000        0x0 c:/freescale/kds_v3/toolchain/bin/../lib/gcc/arm-none-eabi/4.8.4/armv6-m/crtbegin.o

.ctors          0x00002b98        0x0
                0x00002b98                __CTOR_LIST__ = .
 *crtbegin.o(.ctors)
 *crtbegin?.o(.ctors)
 *(EXCLUDE_FILE(*crtend.o *crtend?.o) .ctors)
 *(SORT(.ctors.*))
 *(.ctors)
                0x00002b98                __CTOR_END__ = .

.dtors          0x00002b98        0x0
                0x00002b98                __DTOR_LIST__ = .
 *crtbegin.o(.dtors)
 *crtbegin?.o(.dtors)
 *(EXCLUDE_FILE(*crtend.o *crtend?.o) .dtors)
 *(SORT(.dtors.*))
 *(.dtors)
                0x00002b98                __DTOR_END__ = .

.preinit_array  0x00002b98        0x0
                0x00002b98                PROVIDE (__preinit_array_start, .)
 *(.preinit_array*)
                0x00002b98                PROVIDE (__preinit_array_end, .)

.init_array     0x00002b98        0x4
                0x00002b98                PROVIDE (__init_array_start, .)
 *(SORT(.init_array.*))
 *(.init_array*)
 .init_array    0x00002b98        0x4 c:/freescale/kds_v3/toolchain/bin/../lib/gcc/arm-none-eabi/4.8.4/armv6-m/crtbegin.o
                0x00002b9c                PROVIDE (__init_array_end, .)

.fini_array     0x00002b9c        0x4
                0x00002b9c                PROVIDE (__fini_array_start, .)
 *(SORT(.fini_array.*))
 *(.fini_array*)
 .fini_array    0x00002b9c        0x4 c:/freescale/kds_v3/toolchain/bin/../lib/gcc/arm-none-eabi/4.8.4/armv6-m/crtbegin.o
                0x00002ba0                PROVIDE (__fini_array_end, .)
                0x00002ba0                __etext = .
                0x00002ba0                __DATA_ROM = .

.mtb            0x1ffff000        0x0
                0x1ffff000                . = ALIGN (0x8)
                0x1ffff000                _mtb_start = .
 *(.mtb_buf)
                0x1ffff000                . = ALIGN (0x8)
                0x1ffff000                _mtb_end = .

.interrupts_ram
                0x1ffff000        0x0
                0x1ffff000                . = ALIGN (0x4)
                0x1ffff000                __VECTOR_RAM__ = .
                0x1ffff000                __interrupts_ram_start__ = .
 *(.m_interrupts_ram)
                0x1ffff000                . = (. + M_VECTOR_RAM_SIZE)
                0x1ffff000                . = ALIGN (0x4)
                0x1ffff000                __interrupts_ram_end__ = .
                0x00000000                __VECTOR_RAM = DEFINED (__ram_vector_table__)?__VECTOR_RAM__:ORIGIN (m_interrupts)
                0x00000000                __RAM_VECTOR_TABLE_SIZE_BYTES = DEFINED (__ram_vector_table__)?(__interrupts_ram_end__ - __interrupts_ram_start__):0x0

.data           0x1ffff000       0x68 load address 0x00002ba0
                0x1ffff000                . = ALIGN (0x4)
                0x1ffff000                __DATA_RAM = .
                0x1ffff000                __data_start__ = .
 *(.data)
 *(.data*)
 .data.SystemCoreClock
                0x1ffff000        0x4 C:\Users\CRHIST~1\AppData\Local\Temp\cciyJdUn.ltrans17.ltrans.o
                0x1ffff000                SystemCoreClock
 .data.impure_data
                0x1ffff004       0x60 c:/freescale/kds_v3/toolchain/bin/../lib/gcc/arm-none-eabi/4.8.4/../../../../arm-none-eabi/lib/armv6-m\libg_s.a(lib_a-impure.o)
 *(.jcr*)
 .jcr           0x1ffff064        0x0 c:/freescale/kds_v3/toolchain/bin/../lib/gcc/arm-none-eabi/4.8.4/armv6-m/crtbegin.o
 .jcr           0x1ffff064        0x4 c:/freescale/kds_v3/toolchain/bin/../lib/gcc/arm-none-eabi/4.8.4/armv6-m/crtend.o
                0x1ffff068                . = ALIGN (0x4)
                0x1ffff068                __data_end__ = .
                0x00002c08                __DATA_END = (__DATA_ROM + (__data_end__ - __data_start__))
                0x00010000                text_end = (ORIGIN (m_text) + 0xfbf0)
                0x00000001                ASSERT ((__DATA_END <= text_end), region m_text overflowed with text and data)
                0x00000000                USB_RAM_GAP = DEFINED (__usb_use_usbram__)?0x0:DEFINED (__usb_ram_size__)?__usb_ram_size__:0x0

.igot.plt       0x1ffff068        0x0 load address 0x00002c08
 .igot.plt      0x00000000        0x0 c:/freescale/kds_v3/toolchain/bin/../lib/gcc/arm-none-eabi/4.8.4/armv6-m/crtbegin.o

.bss            0x1ffff068      0x198 load address 0x00002c08
                0x1ffff068                . = ALIGN (0x4)
                0x1ffff068                __START_BSS = .
                0x1ffff068                __bss_start__ = .
 *(.bss)
 .bss           0x1ffff068       0x1c c:/freescale/kds_v3/toolchain/bin/../lib/gcc/arm-none-eabi/4.8.4/armv6-m/crtbegin.o
 *(.bss*)
 .bss.s_debugConsole.4179.4373
                0x1ffff084       0x10 C:\Users\CRHIST~1\AppData\Local\Temp\cciyJdUn.ltrans17.ltrans.o
 .bss.s_DMAHandle.5406
                0x1ffff094       0x10 C:\Users\CRHIST~1\AppData\Local\Temp\cciyJdUn.ltrans17.ltrans.o
                0x1ffff094                s_DMAHandle.5406
 .bss.s_flexioHandle.5999
                0x1ffff0a4        0x8 C:\Users\CRHIST~1\AppData\Local\Temp\cciyJdUn.ltrans17.ltrans.o
                0x1ffff0a4                s_flexioHandle.5999
 .bss.s_flexioType.6000
                0x1ffff0ac        0x8 C:\Users\CRHIST~1\AppData\Local\Temp\cciyJdUn.ltrans17.ltrans.o
                0x1ffff0ac                s_flexioType.6000
 .bss.s_flexioIsr.6001
                0x1ffff0b4        0x8 C:\Users\CRHIST~1\AppData\Local\Temp\cciyJdUn.ltrans17.ltrans.o
                0x1ffff0b4                s_flexioIsr.6001
 .bss.s_i2cHandle.8421
                0x1ffff0bc        0x8 C:\Users\CRHIST~1\AppData\Local\Temp\cciyJdUn.ltrans17.ltrans.o
                0x1ffff0bc                s_i2cHandle.8421
 .bss.s_i2cMasterIsr.8411
                0x1ffff0c4        0x4 C:\Users\CRHIST~1\AppData\Local\Temp\cciyJdUn.ltrans17.ltrans.o
                0x1ffff0c4                s_i2cMasterIsr.8411
 .bss.s_i2cSlaveIsr.8413
                0x1ffff0c8        0x4 C:\Users\CRHIST~1\AppData\Local\Temp\cciyJdUn.ltrans17.ltrans.o
                0x1ffff0c8                s_i2cSlaveIsr.8413
 .bss.s_lpuartHandle.8980
                0x1ffff0cc        0x8 C:\Users\CRHIST~1\AppData\Local\Temp\cciyJdUn.ltrans17.ltrans.o
                0x1ffff0cc                s_lpuartHandle.8980
 .bss.s_lpuartIsr.8981
                0x1ffff0d4        0x4 C:\Users\CRHIST~1\AppData\Local\Temp\cciyJdUn.ltrans17.ltrans.o
                0x1ffff0d4                s_lpuartIsr.8981
 .bss.s_spiHandle.9792
                0x1ffff0d8        0x8 C:\Users\CRHIST~1\AppData\Local\Temp\cciyJdUn.ltrans17.ltrans.o
                0x1ffff0d8                s_spiHandle.9792
 .bss.s_spiMasterIsr.9793
                0x1ffff0e0        0x4 C:\Users\CRHIST~1\AppData\Local\Temp\cciyJdUn.ltrans17.ltrans.o
                0x1ffff0e0                s_spiMasterIsr.9793
 .bss.s_spiSlaveIsr.9802
                0x1ffff0e4        0x4 C:\Users\CRHIST~1\AppData\Local\Temp\cciyJdUn.ltrans17.ltrans.o
                0x1ffff0e4                s_spiSlaveIsr.9802
                0x1ffff200                . = ALIGN (0x200)
 *fill*         0x1ffff0e8      0x118 
                0x1ffff200                USB_RAM_START = .
                0x1ffff200                . = (. + USB_RAM_GAP)
 *(COMMON)
                0x1ffff200                . = ALIGN (0x4)
                0x1ffff200                __bss_end__ = .
                0x1ffff200                __END_BSS = .

.heap           0x1ffff200      0x400 load address 0x00002da0
                0x1ffff200                . = ALIGN (0x8)
                0x1ffff200                __end__ = .
                0x1ffff200                PROVIDE (end, .)
                0x1ffff200                __HeapBase = .
                0x1ffff600                . = (. + HEAP_SIZE)
 *fill*         0x1ffff200      0x400 
                0x1ffff600                __HeapLimit = .
                0x1ffff600                __heap_limit = .

.stack          0x1ffff600      0x400 load address 0x000031a0
                0x1ffff600                . = ALIGN (0x8)
                0x1ffffa00                . = (. + STACK_SIZE)
 *fill*         0x1ffff600      0x400 
                [0x1ffff200]                USB_RAM_START = DEFINED (__usb_use_usbram__)?ORIGIN (m_usb_sram):USB_RAM_START

m_usb_bdt       0x1ffff200        0x0
 *(m_usb_bdt)
                0x1ffff200                USB_RAM_BDT_END = .

m_usb_global
 *(m_usb_global)
                0x20003000                __StackTop = (ORIGIN (m_data) + 0x4000)
                0x20002c00                __StackLimit = (__StackTop - STACK_SIZE)
                0x20003000                PROVIDE (__stack, __StackTop)

.ARM.attributes
                0x00000000       0x28
 *(.ARM.attributes)
 .ARM.attributes
                0x00000000       0x1e c:/freescale/kds_v3/toolchain/bin/../lib/gcc/arm-none-eabi/4.8.4/armv6-m/crti.o
 .ARM.attributes
                0x0000001e       0x2c c:/freescale/kds_v3/toolchain/bin/../lib/gcc/arm-none-eabi/4.8.4/armv6-m/crtbegin.o
 .ARM.attributes
                0x0000004a       0x1b c:/freescale/kds_v3/toolchain/bin/../lib/gcc/arm-none-eabi/4.8.4/../../../../arm-none-eabi/lib/armv6-m/crt0.o
 .ARM.attributes
                0x00000065       0x30 C:\Users\CRHIST~1\AppData\Local\Temp\cciyJdUn.ltrans0.ltrans.o
 .ARM.attributes
                0x00000095       0x30 C:\Users\CRHIST~1\AppData\Local\Temp\cciyJdUn.ltrans2.ltrans.o
 .ARM.attributes
                0x000000c5       0x30 C:\Users\CRHIST~1\AppData\Local\Temp\cciyJdUn.ltrans3.ltrans.o
 .ARM.attributes
                0x000000f5       0x30 C:\Users\CRHIST~1\AppData\Local\Temp\cciyJdUn.ltrans5.ltrans.o
 .ARM.attributes
                0x00000125       0x30 C:\Users\CRHIST~1\AppData\Local\Temp\cciyJdUn.ltrans6.ltrans.o
 .ARM.attributes
                0x00000155       0x30 C:\Users\CRHIST~1\AppData\Local\Temp\cciyJdUn.ltrans7.ltrans.o
 .ARM.attributes
                0x00000185       0x30 C:\Users\CRHIST~1\AppData\Local\Temp\cciyJdUn.ltrans8.ltrans.o
 .ARM.attributes
                0x000001b5       0x30 C:\Users\CRHIST~1\AppData\Local\Temp\cciyJdUn.ltrans13.ltrans.o
 .ARM.attributes
                0x000001e5       0x30 C:\Users\CRHIST~1\AppData\Local\Temp\cciyJdUn.ltrans14.ltrans.o
 .ARM.attributes
                0x00000215       0x30 C:\Users\CRHIST~1\AppData\Local\Temp\cciyJdUn.ltrans15.ltrans.o
 .ARM.attributes
                0x00000245       0x30 C:\Users\CRHIST~1\AppData\Local\Temp\cciyJdUn.ltrans16.ltrans.o
 .ARM.attributes
                0x00000275       0x30 C:\Users\CRHIST~1\AppData\Local\Temp\cciyJdUn.ltrans17.ltrans.o
 .ARM.attributes
                0x000002a5       0x1e c:/freescale/kds_v3/toolchain/bin/../lib/gcc/arm-none-eabi/4.8.4/armv6-m\libgcc.a(_udivsi3.o)
 .ARM.attributes
                0x000002c3       0x1e c:/freescale/kds_v3/toolchain/bin/../lib/gcc/arm-none-eabi/4.8.4/armv6-m\libgcc.a(_divsi3.o)
 .ARM.attributes
                0x000002e1       0x1e c:/freescale/kds_v3/toolchain/bin/../lib/gcc/arm-none-eabi/4.8.4/armv6-m\libgcc.a(_dvmd_tls.o)
 .ARM.attributes
                0x000002ff       0x2c c:/freescale/kds_v3/toolchain/bin/../lib/gcc/arm-none-eabi/4.8.4/../../../../arm-none-eabi/lib/armv6-m\libg_s.a(lib_a-memcpy-stub.o)
 .ARM.attributes
                0x0000032b       0x2c c:/freescale/kds_v3/toolchain/bin/../lib/gcc/arm-none-eabi/4.8.4/../../../../arm-none-eabi/lib/armv6-m\libg_s.a(lib_a-strlen.o)
 .ARM.attributes
                0x00000357       0x1b ./startup/startup_MKL27Z644.o
 .ARM.attributes
                0x00000372       0x2c c:/freescale/kds_v3/toolchain/bin/../lib/gcc/arm-none-eabi/4.8.4/../../../../arm-none-eabi/lib/armv6-m\libg_s.a(lib_a-exit.o)
 .ARM.attributes
                0x0000039e       0x2c c:/freescale/kds_v3/toolchain/bin/../lib/gcc/arm-none-eabi/4.8.4/../../../../arm-none-eabi/lib/armv6-m\libg_s.a(lib_a-impure.o)
 .ARM.attributes
                0x000003ca       0x2c c:/freescale/kds_v3/toolchain/bin/../lib/gcc/arm-none-eabi/4.8.4/../../../../arm-none-eabi/lib/armv6-m\libg_s.a(lib_a-init.o)
 .ARM.attributes
                0x000003f6       0x2c c:/freescale/kds_v3/toolchain/bin/../lib/gcc/arm-none-eabi/4.8.4/../../../../arm-none-eabi/lib/armv6-m\libg_s.a(lib_a-memset.o)
 .ARM.attributes
                0x00000422       0x2c c:/freescale/kds_v3/toolchain/bin/../lib/gcc/arm-none-eabi/4.8.4/../../../../arm-none-eabi/lib/armv6-m\libnosys.a(_exit.o)
 .ARM.attributes
                0x0000044e       0x2c c:/freescale/kds_v3/toolchain/bin/../lib/gcc/arm-none-eabi/4.8.4/armv6-m/crtend.o
 .ARM.attributes
                0x0000047a       0x1e c:/freescale/kds_v3/toolchain/bin/../lib/gcc/arm-none-eabi/4.8.4/armv6-m/crtn.o
                0x00000001                ASSERT ((__StackLimit >= __HeapLimit), region m_data overflowed with stack and heap)
OUTPUT(NXP_Lab1.elf elf32-littlearm)

.debug_info     0x00000000    0x17e09
 .debug_info    0x00000000     0x135c C:\Users\CRHIST~1\AppData\Local\Temp\cciyJdUn.ltrans0.ltrans.o
 .debug_info    0x0000135c     0x1cee C:\Users\CRHIST~1\AppData\Local\Temp\cciyJdUn.ltrans2.ltrans.o
 .debug_info    0x0000304a      0xecc C:\Users\CRHIST~1\AppData\Local\Temp\cciyJdUn.ltrans3.ltrans.o
 .debug_info    0x00003f16      0xe60 C:\Users\CRHIST~1\AppData\Local\Temp\cciyJdUn.ltrans5.ltrans.o
 .debug_info    0x00004d76     0x19d8 C:\Users\CRHIST~1\AppData\Local\Temp\cciyJdUn.ltrans6.ltrans.o
 .debug_info    0x0000674e      0xd43 C:\Users\CRHIST~1\AppData\Local\Temp\cciyJdUn.ltrans7.ltrans.o
 .debug_info    0x00007491     0x1917 C:\Users\CRHIST~1\AppData\Local\Temp\cciyJdUn.ltrans8.ltrans.o
 .debug_info    0x00008da8     0x1c4d C:\Users\CRHIST~1\AppData\Local\Temp\cciyJdUn.ltrans13.ltrans.o
 .debug_info    0x0000a9f5     0x18fe C:\Users\CRHIST~1\AppData\Local\Temp\cciyJdUn.ltrans14.ltrans.o
 .debug_info    0x0000c2f3     0x1a5a C:\Users\CRHIST~1\AppData\Local\Temp\cciyJdUn.ltrans15.ltrans.o
 .debug_info    0x0000dd4d     0x13d5 C:\Users\CRHIST~1\AppData\Local\Temp\cciyJdUn.ltrans16.ltrans.o
 .debug_info    0x0000f122     0x8c70 C:\Users\CRHIST~1\AppData\Local\Temp\cciyJdUn.ltrans17.ltrans.o
 .debug_info    0x00017d92       0x77 ./startup/startup_MKL27Z644.o

.debug_abbrev   0x00000000     0x25f7
 .debug_abbrev  0x00000000      0x2ee C:\Users\CRHIST~1\AppData\Local\Temp\cciyJdUn.ltrans0.ltrans.o
 .debug_abbrev  0x000002ee      0x2cf C:\Users\CRHIST~1\AppData\Local\Temp\cciyJdUn.ltrans2.ltrans.o
 .debug_abbrev  0x000005bd      0x27f C:\Users\CRHIST~1\AppData\Local\Temp\cciyJdUn.ltrans3.ltrans.o
 .debug_abbrev  0x0000083c      0x2b3 C:\Users\CRHIST~1\AppData\Local\Temp\cciyJdUn.ltrans5.ltrans.o
 .debug_abbrev  0x00000aef      0x31b C:\Users\CRHIST~1\AppData\Local\Temp\cciyJdUn.ltrans6.ltrans.o
 .debug_abbrev  0x00000e0a      0x1d5 C:\Users\CRHIST~1\AppData\Local\Temp\cciyJdUn.ltrans7.ltrans.o
 .debug_abbrev  0x00000fdf      0x397 C:\Users\CRHIST~1\AppData\Local\Temp\cciyJdUn.ltrans8.ltrans.o
 .debug_abbrev  0x00001376      0x34f C:\Users\CRHIST~1\AppData\Local\Temp\cciyJdUn.ltrans13.ltrans.o
 .debug_abbrev  0x000016c5      0x2ef C:\Users\CRHIST~1\AppData\Local\Temp\cciyJdUn.ltrans14.ltrans.o
 .debug_abbrev  0x000019b4      0x3d5 C:\Users\CRHIST~1\AppData\Local\Temp\cciyJdUn.ltrans15.ltrans.o
 .debug_abbrev  0x00001d89      0x35b C:\Users\CRHIST~1\AppData\Local\Temp\cciyJdUn.ltrans16.ltrans.o
 .debug_abbrev  0x000020e4      0x4ff C:\Users\CRHIST~1\AppData\Local\Temp\cciyJdUn.ltrans17.ltrans.o
 .debug_abbrev  0x000025e3       0x14 ./startup/startup_MKL27Z644.o

.debug_aranges  0x00000000      0xf50
 .debug_aranges
                0x00000000      0x130 C:\Users\CRHIST~1\AppData\Local\Temp\cciyJdUn.ltrans0.ltrans.o
 .debug_aranges
                0x00000130      0x160 C:\Users\CRHIST~1\AppData\Local\Temp\cciyJdUn.ltrans2.ltrans.o
 .debug_aranges
                0x00000290      0x108 C:\Users\CRHIST~1\AppData\Local\Temp\cciyJdUn.ltrans3.ltrans.o
 .debug_aranges
                0x00000398       0xe8 C:\Users\CRHIST~1\AppData\Local\Temp\cciyJdUn.ltrans5.ltrans.o
 .debug_aranges
                0x00000480      0x158 C:\Users\CRHIST~1\AppData\Local\Temp\cciyJdUn.ltrans6.ltrans.o
 .debug_aranges
                0x000005d8       0xd8 C:\Users\CRHIST~1\AppData\Local\Temp\cciyJdUn.ltrans7.ltrans.o
 .debug_aranges
                0x000006b0      0x140 C:\Users\CRHIST~1\AppData\Local\Temp\cciyJdUn.ltrans8.ltrans.o
 .debug_aranges
                0x000007f0      0x1c8 C:\Users\CRHIST~1\AppData\Local\Temp\cciyJdUn.ltrans13.ltrans.o
 .debug_aranges
                0x000009b8      0x180 C:\Users\CRHIST~1\AppData\Local\Temp\cciyJdUn.ltrans14.ltrans.o
 .debug_aranges
                0x00000b38      0x1a0 C:\Users\CRHIST~1\AppData\Local\Temp\cciyJdUn.ltrans15.ltrans.o
 .debug_aranges
                0x00000cd8      0x160 C:\Users\CRHIST~1\AppData\Local\Temp\cciyJdUn.ltrans16.ltrans.o
 .debug_aranges
                0x00000e38       0xf8 C:\Users\CRHIST~1\AppData\Local\Temp\cciyJdUn.ltrans17.ltrans.o
 .debug_aranges
                0x00000f30       0x20 ./startup/startup_MKL27Z644.o

.debug_ranges   0x00000000      0xe88
 .debug_ranges  0x00000000      0x120 C:\Users\CRHIST~1\AppData\Local\Temp\cciyJdUn.ltrans0.ltrans.o
 .debug_ranges  0x00000120      0x150 C:\Users\CRHIST~1\AppData\Local\Temp\cciyJdUn.ltrans2.ltrans.o
 .debug_ranges  0x00000270       0xf8 C:\Users\CRHIST~1\AppData\Local\Temp\cciyJdUn.ltrans3.ltrans.o
 .debug_ranges  0x00000368       0xd8 C:\Users\CRHIST~1\AppData\Local\Temp\cciyJdUn.ltrans5.ltrans.o
 .debug_ranges  0x00000440      0x148 C:\Users\CRHIST~1\AppData\Local\Temp\cciyJdUn.ltrans6.ltrans.o
 .debug_ranges  0x00000588       0xe0 C:\Users\CRHIST~1\AppData\Local\Temp\cciyJdUn.ltrans7.ltrans.o
 .debug_ranges  0x00000668      0x130 C:\Users\CRHIST~1\AppData\Local\Temp\cciyJdUn.ltrans8.ltrans.o
 .debug_ranges  0x00000798      0x1b8 C:\Users\CRHIST~1\AppData\Local\Temp\cciyJdUn.ltrans13.ltrans.o
 .debug_ranges  0x00000950      0x170 C:\Users\CRHIST~1\AppData\Local\Temp\cciyJdUn.ltrans14.ltrans.o
 .debug_ranges  0x00000ac0      0x190 C:\Users\CRHIST~1\AppData\Local\Temp\cciyJdUn.ltrans15.ltrans.o
 .debug_ranges  0x00000c50      0x150 C:\Users\CRHIST~1\AppData\Local\Temp\cciyJdUn.ltrans16.ltrans.o
 .debug_ranges  0x00000da0       0xe8 C:\Users\CRHIST~1\AppData\Local\Temp\cciyJdUn.ltrans17.ltrans.o

.debug_line     0x00000000     0x4b54
 .debug_line    0x00000000      0x545 C:\Users\CRHIST~1\AppData\Local\Temp\cciyJdUn.ltrans0.ltrans.o
 .debug_line    0x00000545      0x67c C:\Users\CRHIST~1\AppData\Local\Temp\cciyJdUn.ltrans2.ltrans.o
 .debug_line    0x00000bc1      0x43c C:\Users\CRHIST~1\AppData\Local\Temp\cciyJdUn.ltrans3.ltrans.o
 .debug_line    0x00000ffd      0x46e C:\Users\CRHIST~1\AppData\Local\Temp\cciyJdUn.ltrans5.ltrans.o
 .debug_line    0x0000146b      0x693 C:\Users\CRHIST~1\AppData\Local\Temp\cciyJdUn.ltrans6.ltrans.o
 .debug_line    0x00001afe      0x440 C:\Users\CRHIST~1\AppData\Local\Temp\cciyJdUn.ltrans7.ltrans.o
 .debug_line    0x00001f3e      0x60c C:\Users\CRHIST~1\AppData\Local\Temp\cciyJdUn.ltrans8.ltrans.o
 .debug_line    0x0000254a      0x78c C:\Users\CRHIST~1\AppData\Local\Temp\cciyJdUn.ltrans13.ltrans.o
 .debug_line    0x00002cd6      0x657 C:\Users\CRHIST~1\AppData\Local\Temp\cciyJdUn.ltrans14.ltrans.o
 .debug_line    0x0000332d      0x6ae C:\Users\CRHIST~1\AppData\Local\Temp\cciyJdUn.ltrans15.ltrans.o
 .debug_line    0x000039db      0x581 C:\Users\CRHIST~1\AppData\Local\Temp\cciyJdUn.ltrans16.ltrans.o
 .debug_line    0x00003f5c      0xb2f C:\Users\CRHIST~1\AppData\Local\Temp\cciyJdUn.ltrans17.ltrans.o
 .debug_line    0x00004a8b       0xc9 ./startup/startup_MKL27Z644.o

.debug_str      0x00000000     0xba3d
 .debug_str     0x00000000      0xf2f C:\Users\CRHIST~1\AppData\Local\Temp\cciyJdUn.ltrans0.ltrans.o
                               0x10bf (size before relaxing)
 .debug_str     0x00000f2f      0xe58 C:\Users\CRHIST~1\AppData\Local\Temp\cciyJdUn.ltrans2.ltrans.o
                               0x1708 (size before relaxing)
 .debug_str     0x00001d87      0x639 C:\Users\CRHIST~1\AppData\Local\Temp\cciyJdUn.ltrans3.ltrans.o
                                0xb43 (size before relaxing)
 .debug_str     0x000023c0      0x64f C:\Users\CRHIST~1\AppData\Local\Temp\cciyJdUn.ltrans5.ltrans.o
                                0xaae (size before relaxing)
 .debug_str     0x00002a0f      0xdcf C:\Users\CRHIST~1\AppData\Local\Temp\cciyJdUn.ltrans6.ltrans.o
                               0x1722 (size before relaxing)
 .debug_str     0x000037de      0x5ba C:\Users\CRHIST~1\AppData\Local\Temp\cciyJdUn.ltrans7.ltrans.o
                                0xa03 (size before relaxing)
 .debug_str     0x00003d98      0x897 C:\Users\CRHIST~1\AppData\Local\Temp\cciyJdUn.ltrans8.ltrans.o
                               0x1308 (size before relaxing)
 .debug_str     0x0000462f     0x1c33 C:\Users\CRHIST~1\AppData\Local\Temp\cciyJdUn.ltrans13.ltrans.o
                               0x24fa (size before relaxing)
 .debug_str     0x00006262      0xf83 C:\Users\CRHIST~1\AppData\Local\Temp\cciyJdUn.ltrans14.ltrans.o
                               0x1850 (size before relaxing)
 .debug_str     0x000071e5      0xd1f C:\Users\CRHIST~1\AppData\Local\Temp\cciyJdUn.ltrans15.ltrans.o
                               0x16a7 (size before relaxing)
 .debug_str     0x00007f04      0xf35 C:\Users\CRHIST~1\AppData\Local\Temp\cciyJdUn.ltrans16.ltrans.o
                               0x147e (size before relaxing)
 .debug_str     0x00008e39     0x2c04 C:\Users\CRHIST~1\AppData\Local\Temp\cciyJdUn.ltrans17.ltrans.o
                               0x7f37 (size before relaxing)

.comment        0x00000000       0x70
 .comment       0x00000000       0x70 C:\Users\CRHIST~1\AppData\Local\Temp\cciyJdUn.ltrans0.ltrans.o
                                 0x71 (size before relaxing)
 .comment       0x00000000       0x71 C:\Users\CRHIST~1\AppData\Local\Temp\cciyJdUn.ltrans2.ltrans.o
 .comment       0x00000000       0x71 C:\Users\CRHIST~1\AppData\Local\Temp\cciyJdUn.ltrans3.ltrans.o
 .comment       0x00000000       0x71 C:\Users\CRHIST~1\AppData\Local\Temp\cciyJdUn.ltrans5.ltrans.o
 .comment       0x00000000       0x71 C:\Users\CRHIST~1\AppData\Local\Temp\cciyJdUn.ltrans6.ltrans.o
 .comment       0x00000000       0x71 C:\Users\CRHIST~1\AppData\Local\Temp\cciyJdUn.ltrans7.ltrans.o
 .comment       0x00000000       0x71 C:\Users\CRHIST~1\AppData\Local\Temp\cciyJdUn.ltrans8.ltrans.o
 .comment       0x00000000       0x71 C:\Users\CRHIST~1\AppData\Local\Temp\cciyJdUn.ltrans13.ltrans.o
 .comment       0x00000000       0x71 C:\Users\CRHIST~1\AppData\Local\Temp\cciyJdUn.ltrans14.ltrans.o
 .comment       0x00000000       0x71 C:\Users\CRHIST~1\AppData\Local\Temp\cciyJdUn.ltrans15.ltrans.o
 .comment       0x00000000       0x71 C:\Users\CRHIST~1\AppData\Local\Temp\cciyJdUn.ltrans16.ltrans.o
 .comment       0x00000000       0x71 C:\Users\CRHIST~1\AppData\Local\Temp\cciyJdUn.ltrans17.ltrans.o

.debug_frame    0x00000000     0x39b4
 .debug_frame   0x00000000      0x458 C:\Users\CRHIST~1\AppData\Local\Temp\cciyJdUn.ltrans0.ltrans.o
 .debug_frame   0x00000458      0x530 C:\Users\CRHIST~1\AppData\Local\Temp\cciyJdUn.ltrans2.ltrans.o
 .debug_frame   0x00000988      0x3c8 C:\Users\CRHIST~1\AppData\Local\Temp\cciyJdUn.ltrans3.ltrans.o
 .debug_frame   0x00000d50      0x34c C:\Users\CRHIST~1\AppData\Local\Temp\cciyJdUn.ltrans5.ltrans.o
 .debug_frame   0x0000109c      0x510 C:\Users\CRHIST~1\AppData\Local\Temp\cciyJdUn.ltrans6.ltrans.o
 .debug_frame   0x000015ac      0x308 C:\Users\CRHIST~1\AppData\Local\Temp\cciyJdUn.ltrans7.ltrans.o
 .debug_frame   0x000018b4      0x4b0 C:\Users\CRHIST~1\AppData\Local\Temp\cciyJdUn.ltrans8.ltrans.o
 .debug_frame   0x00001d64      0x6c4 C:\Users\CRHIST~1\AppData\Local\Temp\cciyJdUn.ltrans13.ltrans.o
 .debug_frame   0x00002428      0x5a0 C:\Users\CRHIST~1\AppData\Local\Temp\cciyJdUn.ltrans14.ltrans.o
 .debug_frame   0x000029c8      0x628 C:\Users\CRHIST~1\AppData\Local\Temp\cciyJdUn.ltrans15.ltrans.o
 .debug_frame   0x00002ff0      0x518 C:\Users\CRHIST~1\AppData\Local\Temp\cciyJdUn.ltrans16.ltrans.o
 .debug_frame   0x00003508      0x390 C:\Users\CRHIST~1\AppData\Local\Temp\cciyJdUn.ltrans17.ltrans.o
 .debug_frame   0x00003898       0x20 c:/freescale/kds_v3/toolchain/bin/../lib/gcc/arm-none-eabi/4.8.4/armv6-m\libgcc.a(_udivsi3.o)
 .debug_frame   0x000038b8       0x20 c:/freescale/kds_v3/toolchain/bin/../lib/gcc/arm-none-eabi/4.8.4/armv6-m\libgcc.a(_divsi3.o)
 .debug_frame   0x000038d8       0x28 c:/freescale/kds_v3/toolchain/bin/../lib/gcc/arm-none-eabi/4.8.4/../../../../arm-none-eabi/lib/armv6-m\libg_s.a(lib_a-memcpy-stub.o)
 .debug_frame   0x00003900       0x20 c:/freescale/kds_v3/toolchain/bin/../lib/gcc/arm-none-eabi/4.8.4/../../../../arm-none-eabi/lib/armv6-m\libg_s.a(lib_a-strlen.o)
 .debug_frame   0x00003920       0x28 c:/freescale/kds_v3/toolchain/bin/../lib/gcc/arm-none-eabi/4.8.4/../../../../arm-none-eabi/lib/armv6-m\libg_s.a(lib_a-exit.o)
 .debug_frame   0x00003948       0x2c c:/freescale/kds_v3/toolchain/bin/../lib/gcc/arm-none-eabi/4.8.4/../../../../arm-none-eabi/lib/armv6-m\libg_s.a(lib_a-init.o)
 .debug_frame   0x00003974       0x20 c:/freescale/kds_v3/toolchain/bin/../lib/gcc/arm-none-eabi/4.8.4/../../../../arm-none-eabi/lib/armv6-m\libg_s.a(lib_a-memset.o)
 .debug_frame   0x00003994       0x20 c:/freescale/kds_v3/toolchain/bin/../lib/gcc/arm-none-eabi/4.8.4/../../../../arm-none-eabi/lib/armv6-m\libnosys.a(_exit.o)
