Archive member included because of file (symbol)

c:/freescale/kds_v3/toolchain/bin/../lib/gcc/arm-none-eabi/4.8.4/armv6-m\libgcc.a(_udivsi3.o)
                              ./utilities/fsl_debug_console.o (__aeabi_uidiv)
c:/freescale/kds_v3/toolchain/bin/../lib/gcc/arm-none-eabi/4.8.4/armv6-m\libgcc.a(_divsi3.o)
                              ./utilities/fsl_debug_console.o (__aeabi_idiv)
c:/freescale/kds_v3/toolchain/bin/../lib/gcc/arm-none-eabi/4.8.4/armv6-m\libgcc.a(_dvmd_tls.o)
                              c:/freescale/kds_v3/toolchain/bin/../lib/gcc/arm-none-eabi/4.8.4/armv6-m\libgcc.a(_udivsi3.o) (__aeabi_idiv0)
c:/freescale/kds_v3/toolchain/bin/../lib/gcc/arm-none-eabi/4.8.4/../../../../arm-none-eabi/lib/armv6-m\libg_s.a(lib_a-errno.o)
                              ./utilities/fsl_sbrk.o (__errno)
c:/freescale/kds_v3/toolchain/bin/../lib/gcc/arm-none-eabi/4.8.4/../../../../arm-none-eabi/lib/armv6-m\libg_s.a(lib_a-exit.o)
                              c:/freescale/kds_v3/toolchain/bin/../lib/gcc/arm-none-eabi/4.8.4/../../../../arm-none-eabi/lib/armv6-m/crt0.o (exit)
c:/freescale/kds_v3/toolchain/bin/../lib/gcc/arm-none-eabi/4.8.4/../../../../arm-none-eabi/lib/armv6-m\libg_s.a(lib_a-impure.o)
                              c:/freescale/kds_v3/toolchain/bin/../lib/gcc/arm-none-eabi/4.8.4/../../../../arm-none-eabi/lib/armv6-m\libg_s.a(lib_a-exit.o) (_global_impure_ptr)
c:/freescale/kds_v3/toolchain/bin/../lib/gcc/arm-none-eabi/4.8.4/../../../../arm-none-eabi/lib/armv6-m\libg_s.a(lib_a-init.o)
                              c:/freescale/kds_v3/toolchain/bin/../lib/gcc/arm-none-eabi/4.8.4/../../../../arm-none-eabi/lib/armv6-m/crt0.o (__libc_init_array)
c:/freescale/kds_v3/toolchain/bin/../lib/gcc/arm-none-eabi/4.8.4/../../../../arm-none-eabi/lib/armv6-m\libg_s.a(lib_a-memcpy-stub.o)
                              ./freertos/Source/queue.o (memcpy)
c:/freescale/kds_v3/toolchain/bin/../lib/gcc/arm-none-eabi/4.8.4/../../../../arm-none-eabi/lib/armv6-m\libg_s.a(lib_a-memmove.o)
                              ./utilities/fsl_shell.o (memmove)
c:/freescale/kds_v3/toolchain/bin/../lib/gcc/arm-none-eabi/4.8.4/../../../../arm-none-eabi/lib/armv6-m\libg_s.a(lib_a-memset.o)
                              c:/freescale/kds_v3/toolchain/bin/../lib/gcc/arm-none-eabi/4.8.4/../../../../arm-none-eabi/lib/armv6-m/crt0.o (memset)
c:/freescale/kds_v3/toolchain/bin/../lib/gcc/arm-none-eabi/4.8.4/../../../../arm-none-eabi/lib/armv6-m\libg_s.a(lib_a-strlen.o)
                              ./utilities/fsl_debug_console.o (strlen)
c:/freescale/kds_v3/toolchain/bin/../lib/gcc/arm-none-eabi/4.8.4/../../../../arm-none-eabi/lib/armv6-m\libnosys.a(_exit.o)
                              c:/freescale/kds_v3/toolchain/bin/../lib/gcc/arm-none-eabi/4.8.4/../../../../arm-none-eabi/lib/armv6-m\libg_s.a(lib_a-exit.o) (_exit)

Allocating common symbols
Common symbol       size              file

xQueueRegistry      0x40              ./freertos/Source/queue.o
g_xtal32Freq        0x4               ./drivers/fsl_clock.o
g_xtal0Freq         0x4               ./drivers/fsl_clock.o

Discarded input sections

 .text          0x00000000        0x0 c:/freescale/kds_v3/toolchain/bin/../lib/gcc/arm-none-eabi/4.8.4/armv6-m/crti.o
 .data          0x00000000        0x0 c:/freescale/kds_v3/toolchain/bin/../lib/gcc/arm-none-eabi/4.8.4/armv6-m/crti.o
 .bss           0x00000000        0x0 c:/freescale/kds_v3/toolchain/bin/../lib/gcc/arm-none-eabi/4.8.4/armv6-m/crti.o
 .data          0x00000000        0x4 c:/freescale/kds_v3/toolchain/bin/../lib/gcc/arm-none-eabi/4.8.4/armv6-m/crtbegin.o
 .data          0x00000000        0x0 c:/freescale/kds_v3/toolchain/bin/../lib/gcc/arm-none-eabi/4.8.4/../../../../arm-none-eabi/lib/armv6-m/crt0.o
 .bss           0x00000000        0x0 c:/freescale/kds_v3/toolchain/bin/../lib/gcc/arm-none-eabi/4.8.4/../../../../arm-none-eabi/lib/armv6-m/crt0.o
 .ARM.extab     0x00000000        0x0 c:/freescale/kds_v3/toolchain/bin/../lib/gcc/arm-none-eabi/4.8.4/../../../../arm-none-eabi/lib/armv6-m/crt0.o
 .group         0x00000000        0x8 ./utilities/fsl_debug_console.o
 .group         0x00000000        0x8 ./utilities/fsl_debug_console.o
 .group         0x00000000        0x8 ./utilities/fsl_debug_console.o
 .group         0x00000000        0x8 ./utilities/fsl_debug_console.o
 .group         0x00000000        0x8 ./utilities/fsl_debug_console.o
 .group         0x00000000        0x8 ./utilities/fsl_debug_console.o
 .group         0x00000000        0x8 ./utilities/fsl_debug_console.o
 .group         0x00000000        0x8 ./utilities/fsl_debug_console.o
 .group         0x00000000        0x8 ./utilities/fsl_debug_console.o
 .group         0x00000000        0x8 ./utilities/fsl_debug_console.o
 .group         0x00000000        0x8 ./utilities/fsl_debug_console.o
 .group         0x00000000        0x8 ./utilities/fsl_debug_console.o
 .group         0x00000000        0x8 ./utilities/fsl_debug_console.o
[...]
Memory Configuration

Name             Origin             Length             Attributes
m_interrupts     0x00000000         0x00000200         xr
m_flash_config   0x00000400         0x00000010         xr
m_text           0x00000410         0x0000fbf0         xr
m_usb_sram       0x040fe000         0x00000200         rw
m_data           0x1ffff000         0x00004000         rw
*default*        0x00000000         0xffffffff

Linker script and memory map

LOAD c:/freescale/kds_v3/toolchain/bin/../lib/gcc/arm-none-eabi/4.8.4/armv6-m/crti.o
LOAD c:/freescale/kds_v3/toolchain/bin/../lib/gcc/arm-none-eabi/4.8.4/armv6-m/crtbegin.o
LOAD c:/freescale/kds_v3/toolchain/bin/../lib/gcc/arm-none-eabi/4.8.4/../../../../arm-none-eabi/lib/armv6-m/crt0.o
LOAD ./utilities/fsl_debug_console.o
LOAD ./utilities/fsl_notifier.o
LOAD ./utilities/fsl_sbrk.o
LOAD ./utilities/fsl_shell.o
LOAD ./startup/startup_MKL27Z644.o
LOAD ./startup/system_MKL27Z644.o
LOAD ./source/main.o
LOAD ./freertos/Source/portable/MemMang/heap_4.o
LOAD ./freertos/Source/portable/GCC/ARM_CM0/fsl_tickless_lptmr.o
LOAD ./freertos/Source/portable/GCC/ARM_CM0/fsl_tickless_systick.o
LOAD ./freertos/Source/portable/GCC/ARM_CM0/port.o
LOAD ./freertos/Source/croutine.o
LOAD ./freertos/Source/event_groups.o
LOAD ./freertos/Source/list.o
LOAD ./freertos/Source/queue.o
LOAD ./freertos/Source/tasks.o
LOAD ./freertos/Source/timers.o
LOAD ./drivers/fsl_adc16.o
LOAD ./drivers/fsl_clock.o
LOAD ./drivers/fsl_cmp.o
LOAD ./drivers/fsl_common.o
LOAD ./drivers/fsl_cop.o
LOAD ./drivers/fsl_crc.o
LOAD ./drivers/fsl_dma.o
LOAD ./drivers/fsl_dmamux.o
LOAD ./drivers/fsl_flash.o
LOAD ./drivers/fsl_flexio.o
LOAD ./drivers/fsl_flexio_i2c_master.o
LOAD ./drivers/fsl_flexio_i2s.o
LOAD ./drivers/fsl_flexio_i2s_dma.o
LOAD ./drivers/fsl_flexio_spi.o
LOAD ./drivers/fsl_flexio_spi_dma.o
LOAD ./drivers/fsl_flexio_uart.o
LOAD ./drivers/fsl_flexio_uart_dma.o
LOAD ./drivers/fsl_gpio.o
LOAD ./drivers/fsl_i2c.o
LOAD ./drivers/fsl_i2c_dma.o
LOAD ./drivers/fsl_i2c_freertos.o
LOAD ./drivers/fsl_llwu.o
LOAD ./drivers/fsl_lptmr.o
LOAD ./drivers/fsl_lpuart.o
LOAD ./drivers/fsl_lpuart_dma.o
LOAD ./drivers/fsl_lpuart_freertos.o
LOAD ./drivers/fsl_pit.o
LOAD ./drivers/fsl_pmc.o
LOAD ./drivers/fsl_rcm.o
LOAD ./drivers/fsl_rtc.o
LOAD ./drivers/fsl_sim.o
LOAD ./drivers/fsl_smc.o
LOAD ./drivers/fsl_spi.o
LOAD ./drivers/fsl_spi_dma.o
LOAD ./drivers/fsl_spi_freertos.o
LOAD ./drivers/fsl_tpm.o
LOAD ./drivers/fsl_uart.o
LOAD ./drivers/fsl_uart_dma.o
LOAD ./drivers/fsl_uart_freertos.o
LOAD ./drivers/fsl_vref.o
LOAD ./board/board.o
LOAD ./board/clock_config.o
LOAD ./board/pin_mux.o
LOAD c:/freescale/kds_v3/toolchain/bin/../lib/gcc/arm-none-eabi/4.8.4/../../../../arm-none-eabi/lib/armv6-m\libstdc++_s.a
LOAD c:/freescale/kds_v3/toolchain/bin/../lib/gcc/arm-none-eabi/4.8.4/../../../../arm-none-eabi/lib/armv6-m\libm.a
START GROUP
LOAD c:/freescale/kds_v3/toolchain/bin/../lib/gcc/arm-none-eabi/4.8.4/armv6-m\libgcc.a
LOAD c:/freescale/kds_v3/toolchain/bin/../lib/gcc/arm-none-eabi/4.8.4/../../../../arm-none-eabi/lib/armv6-m\libg_s.a
LOAD c:/freescale/kds_v3/toolchain/bin/../lib/gcc/arm-none-eabi/4.8.4/../../../../arm-none-eabi/lib/armv6-m\libc_s.a
END GROUP
START GROUP
LOAD c:/freescale/kds_v3/toolchain/bin/../lib/gcc/arm-none-eabi/4.8.4/armv6-m\libgcc.a
LOAD c:/freescale/kds_v3/toolchain/bin/../lib/gcc/arm-none-eabi/4.8.4/../../../../arm-none-eabi/lib/armv6-m\libc_s.a
LOAD c:/freescale/kds_v3/toolchain/bin/../lib/gcc/arm-none-eabi/4.8.4/../../../../arm-none-eabi/lib/armv6-m\libnosys.a
END GROUP
START GROUP
LOAD c:/freescale/kds_v3/toolchain/bin/../lib/gcc/arm-none-eabi/4.8.4/armv6-m\libgcc.a
LOAD c:/freescale/kds_v3/toolchain/bin/../lib/gcc/arm-none-eabi/4.8.4/../../../../arm-none-eabi/lib/armv6-m\libc_s.a
LOAD c:/freescale/kds_v3/toolchain/bin/../lib/gcc/arm-none-eabi/4.8.4/../../../../arm-none-eabi/lib/armv6-m\libnosys.a
END GROUP
LOAD c:/freescale/kds_v3/toolchain/bin/../lib/gcc/arm-none-eabi/4.8.4/armv6-m/crtend.o
LOAD c:/freescale/kds_v3/toolchain/bin/../lib/gcc/arm-none-eabi/4.8.4/armv6-m/crtn.o
                0x00000400                HEAP_SIZE = DEFINED (__heap_size__)?__heap_size__:0x400
                0x00000400                STACK_SIZE = DEFINED (__stack_size__)?__stack_size__:0x400
                0x00000000                M_VECTOR_RAM_SIZE = DEFINED (__ram_vector_table__)?0x200:0x0

.interrupts     0x00000000       0xc0
                0x00000000                __VECTOR_TABLE = .
                0x00000000                . = ALIGN (0x4)
 *(.isr_vector)
 .isr_vector    0x00000000       0xc0 ./startup/startup_MKL27Z644.o
                0x00000000                __isr_vector
                0x000000c0                . = ALIGN (0x4)

.flash_config   0x00000400       0x10
                0x00000400                . = ALIGN (0x4)
 *(.FlashConfig)
 .FlashConfig   0x00000400       0x10 ./startup/startup_MKL27Z644.o
                0x00000410                . = ALIGN (0x4)

.text           0x00000410     0x4670
                0x00000410                . = ALIGN (0x4)
 *(.text)
 .text          0x00000410       0x60 c:/freescale/kds_v3/toolchain/bin/../lib/gcc/arm-none-eabi/4.8.4/armv6-m/crtbegin.o
 .text          0x00000470       0x78 c:/freescale/kds_v3/toolchain/bin/../lib/gcc/arm-none-eabi/4.8.4/../../../../arm-none-eabi/lib/armv6-m/crt0.o
                0x00000470                _start
                0x00000470                _mainCRTStartup
 .text          0x000004e8       0xc8 ./startup/startup_MKL27Z644.o
                0x000004e8                Reset_Handler
                0x00000528                Reserved45_IRQHandler
                0x00000528                TPM1_IRQHandler
                0x00000528                CMP0_IRQHandler
                0x00000528                LPTMR0_IRQHandler
                0x00000528                TPM0_IRQHandler
                0x00000528                LLWU_IRQHandler
                0x00000528                Reserved42_IRQHandler
                0x00000528                ADC0_IRQHandler
                0x00000528                Reserved39_IRQHandler
                0x00000528                FTFA_IRQHandler
                0x00000528                DefaultISR
                0x00000528                TPM2_IRQHandler
                0x00000528                Reserved43_IRQHandler
                0x00000528                RTC_IRQHandler
                0x00000528                Reserved20_IRQHandler
                0x00000528                RTC_Seconds_IRQHandler
                0x00000528                PORTB_PORTC_PORTD_PORTE_IRQHandler
                0x00000528                PORTA_IRQHandler
                0x00000528                USB0_IRQHandler
                0x00000528                Reserved41_IRQHandler
                0x00000528                PIT_IRQHandler
                0x00000528                PMC_IRQHandler
                0x0000052c                NMI_Handler
                0x00000530                HardFault_Handler
                0x00000540                DMA0_IRQHandler
                0x00000544                DMA1_IRQHandler
                0x00000548                DMA2_IRQHandler
                0x0000054c                DMA3_IRQHandler
                0x00000550                I2C0_IRQHandler
                0x00000554                I2C1_IRQHandler
                0x00000558                SPI0_IRQHandler
                0x0000055c                SPI1_IRQHandler
                0x00000560                LPUART0_IRQHandler
                0x00000564                LPUART1_IRQHandler
                0x00000568                UART2_FLEXIO_IRQHandler
 .text          0x000005b0       0x9c c:/freescale/kds_v3/toolchain/bin/../lib/gcc/arm-none-eabi/4.8.4/armv6-m\libgcc.a(_udivsi3.o)
                0x000005b0                __aeabi_uidiv
                0x000005b0                __udivsi3
                0x00000638                __aeabi_uidivmod
 .text          0x0000064c       0xc0 c:/freescale/kds_v3/toolchain/bin/../lib/gcc/arm-none-eabi/4.8.4/armv6-m\libgcc.a(_divsi3.o)
                0x0000064c                __divsi3
                0x0000064c                __aeabi_idiv
                0x000006f8                __aeabi_idivmod
 .text          0x0000070c        0x4 c:/freescale/kds_v3/toolchain/bin/../lib/gcc/arm-none-eabi/4.8.4/armv6-m\libgcc.a(_dvmd_tls.o)
                0x0000070c                __aeabi_idiv0
                0x0000070c                __aeabi_ldiv0
 *(.text*)
 .text.UART_EnableTx
                0x00000710       0x40 ./utilities/fsl_debug_console.o
 .text.UART_EnableRx
                0x00000750       0x40 ./utilities/fsl_debug_console.o
 .text.LPUART_EnableTx
                0x00000790       0x3c ./utilities/fsl_debug_console.o
 .text.LPUART_EnableRx
                0x000007cc       0x3c ./utilities/fsl_debug_console.o
 .text.DbgConsole_Init
                0x00000808       0xf8 ./utilities/fsl_debug_console.o
                0x00000808                DbgConsole_Init
 .text.DbgConsole_Printf
                0x00000900       0x48 ./utilities/fsl_debug_console.o
                0x00000900                DbgConsole_Printf
 .text.DbgConsole_Putchar
                0x00000948       0x38 ./utilities/fsl_debug_console.o
                0x00000948                DbgConsole_Putchar
 .text.DbgConsole_PrintfPaddingCharacter
                0x00000980       0x48 ./utilities/fsl_debug_console.o
 .text.DbgConsole_ConvertRadixNumToString
                0x000009c8      0x118 ./utilities/fsl_debug_console.o
 .text.DbgConsole_PrintfFormattedData
                0x00000ae0      0x344 ./utilities/fsl_debug_console.o
 .text.SystemInit
                0x00000e24       0x38 ./startup/system_MKL27Z644.o
                0x00000e24                SystemInit
 .text.GPIO_TogglePinsOutput
                0x00000e5c       0x18 ./source/main.o
 .text.hello_task
                0x00000e74       0x2c ./source/main.o
 .text.init_task
                0x00000ea0       0x5c ./source/main.o
 .text.task_blue
                0x00000efc       0x28 ./source/main.o
 .text.task_red
                0x00000f24       0x28 ./source/main.o
 .text.task_green
                0x00000f4c       0x28 ./source/main.o
 .text.main     0x00000f74       0xbc ./source/main.o
                0x00000f74                main
 .text.pvPortMalloc
                0x00001030      0x14c ./freertos/Source/portable/MemMang/heap_4.o
                0x00001030                pvPortMalloc
 .text.vPortFree
                0x0000117c       0x8c ./freertos/Source/portable/MemMang/heap_4.o
                0x0000117c                vPortFree
 .text.prvHeapInit
                0x00001208       0xbc ./freertos/Source/portable/MemMang/heap_4.o
 .text.prvInsertBlockIntoFreeList
                0x000012c4       0xac ./freertos/Source/portable/MemMang/heap_4.o
 .text.prvSetupTimerInterrupt
                0x00001370       0x3c ./freertos/Source/portable/GCC/ARM_CM0/fsl_tickless_lptmr.o
                0x00001370                prvSetupTimerInterrupt
 .text.pxPortInitialiseStack
                0x000013ac       0x54 ./freertos/Source/portable/GCC/ARM_CM0/port.o
                0x000013ac                pxPortInitialiseStack
 .text.prvTaskExitError
                0x00001400       0x18 ./freertos/Source/portable/GCC/ARM_CM0/port.o
 .text.SVC_Handler
                0x00001418        0x8 ./freertos/Source/portable/GCC/ARM_CM0/port.o
                0x00001418                SVC_Handler
 .text.vPortStartFirstTask
                0x00001420       0x40 ./freertos/Source/portable/GCC/ARM_CM0/port.o
 .text.xPortStartScheduler
                0x00001460       0x44 ./freertos/Source/portable/GCC/ARM_CM0/port.o
                0x00001460                xPortStartScheduler
 .text.vPortYield
                0x000014a4       0x1c ./freertos/Source/portable/GCC/ARM_CM0/port.o
                0x000014a4                vPortYield
 .text.vPortEnterCritical
                0x000014c0       0x20 ./freertos/Source/portable/GCC/ARM_CM0/port.o
                0x000014c0                vPortEnterCritical
 .text.vPortExitCritical
                0x000014e0       0x2c ./freertos/Source/portable/GCC/ARM_CM0/port.o
                0x000014e0                vPortExitCritical
 .text.ulSetInterruptMaskFromISR
                0x0000150c        0xc ./freertos/Source/portable/GCC/ARM_CM0/port.o
                0x0000150c                ulSetInterruptMaskFromISR
 .text.vClearInterruptMaskFromISR
                0x00001518        0x8 ./freertos/Source/portable/GCC/ARM_CM0/port.o
                0x00001518                vClearInterruptMaskFromISR
 .text.PendSV_Handler
                0x00001520       0x50 ./freertos/Source/portable/GCC/ARM_CM0/port.o
                0x00001520                PendSV_Handler
 .text.SysTick_Handler
                0x00001570       0x34 ./freertos/Source/portable/GCC/ARM_CM0/port.o
                0x00001570                SysTick_Handler
 .text.vListInitialise
                0x000015a4       0x3c ./freertos/Source/list.o
                0x000015a4                vListInitialise
 .text.vListInitialiseItem
                0x000015e0       0x14 ./freertos/Source/list.o
                0x000015e0                vListInitialiseItem
 .text.vListInsertEnd
                0x000015f4       0x44 ./freertos/Source/list.o
                0x000015f4                vListInsertEnd
 .text.vListInsert
                0x00001638       0x6c ./freertos/Source/list.o
                0x00001638                vListInsert
 .text.uxListRemove
                0x000016a4       0x50 ./freertos/Source/list.o
                0x000016a4                uxListRemove
 .text.xQueueGenericReset
                0x000016f4       0xac ./freertos/Source/queue.o
                0x000016f4                xQueueGenericReset
 .text.xQueueGenericCreate
                0x000017a0       0x64 ./freertos/Source/queue.o
                0x000017a0                xQueueGenericCreate
 .text.prvInitialiseNewQueue
                0x00001804       0x4c ./freertos/Source/queue.o
 .text.xQueueGenericSend
                0x00001850      0x1a0 ./freertos/Source/queue.o
                0x00001850                xQueueGenericSend
 .text.xQueueGenericSendFromISR
                0x000019f0       0xec ./freertos/Source/queue.o
                0x000019f0                xQueueGenericSendFromISR
 .text.xQueueGenericReceive
                0x00001adc      0x1dc ./freertos/Source/queue.o
                0x00001adc                xQueueGenericReceive
 .text.prvCopyDataToQueue
                0x00001cb8       0xe0 ./freertos/Source/queue.o
 .text.prvCopyDataFromQueue
                0x00001d98       0x50 ./freertos/Source/queue.o
 .text.prvUnlockQueue
                0x00001de8       0xc0 ./freertos/Source/queue.o
 .text.prvIsQueueEmpty
                0x00001ea8       0x2c ./freertos/Source/queue.o
 .text.prvIsQueueFull
                0x00001ed4       0x30 ./freertos/Source/queue.o
 .text.vQueueAddToRegistry
                0x00001f04       0x4c ./freertos/Source/queue.o
                0x00001f04                vQueueAddToRegistry
 .text.vQueueWaitForMessageRestricted
                0x00001f50       0x70 ./freertos/Source/queue.o
                0x00001f50                vQueueWaitForMessageRestricted
 .text.xTaskCreate
                0x00001fc0       0x90 ./freertos/Source/tasks.o
                0x00001fc0                xTaskCreate
 .text.prvInitialiseNewTask
                0x00002050      0x120 ./freertos/Source/tasks.o
 .text.prvAddNewTaskToReadyList
                0x00002170       0xcc ./freertos/Source/tasks.o
 .text.vTaskDelay
                0x0000223c       0x48 ./freertos/Source/tasks.o
                0x0000223c                vTaskDelay
 .text.vTaskSuspend
                0x00002284       0xb4 ./freertos/Source/tasks.o
                0x00002284                vTaskSuspend
 .text.vTaskStartScheduler
                0x00002338       0x7c ./freertos/Source/tasks.o
                0x00002338                vTaskStartScheduler
 .text.vTaskSuspendAll
                0x000023b4       0x18 ./freertos/Source/tasks.o
                0x000023b4                vTaskSuspendAll
 .text.xTaskResumeAll
                0x000023cc      0x118 ./freertos/Source/tasks.o
                0x000023cc                xTaskResumeAll
 .text.xTaskGetTickCount
                0x000024e4       0x1c ./freertos/Source/tasks.o
                0x000024e4                xTaskGetTickCount
 .text.xTaskIncrementTick
                0x00002500      0x150 ./freertos/Source/tasks.o
                0x00002500                xTaskIncrementTick
 .text.vTaskSwitchContext
                0x00002650       0xa0 ./freertos/Source/tasks.o
                0x00002650                vTaskSwitchContext
 .text.vTaskPlaceOnEventList
                0x000026f0       0x38 ./freertos/Source/tasks.o
                0x000026f0                vTaskPlaceOnEventList
 .text.vTaskPlaceOnEventListRestricted
                0x00002728       0x48 ./freertos/Source/tasks.o
                0x00002728                vTaskPlaceOnEventListRestricted
 .text.xTaskRemoveFromEventList
                0x00002770       0xb8 ./freertos/Source/tasks.o
                0x00002770                xTaskRemoveFromEventList
 .text.vTaskSetTimeOutState
                0x00002828       0x30 ./freertos/Source/tasks.o
                0x00002828                vTaskSetTimeOutState
 .text.xTaskCheckForTimeOut
                0x00002858       0x9c ./freertos/Source/tasks.o
                0x00002858                xTaskCheckForTimeOut
 .text.vTaskMissedYield
                0x000028f4       0x14 ./freertos/Source/tasks.o
                0x000028f4                vTaskMissedYield
 .text.prvIdleTask
                0x00002908       0x20 ./freertos/Source/tasks.o
 .text.prvInitialiseTaskLists
                0x00002928       0x88 ./freertos/Source/tasks.o
 .text.prvCheckTasksWaitingTermination
                0x000029b0       0x74 ./freertos/Source/tasks.o
 .text.prvDeleteTCB
                0x00002a24       0x20 ./freertos/Source/tasks.o
 .text.prvResetNextTaskUnblockTime
                0x00002a44       0x44 ./freertos/Source/tasks.o
 .text.xTaskGetSchedulerState
                0x00002a88       0x38 ./freertos/Source/tasks.o
                0x00002a88                xTaskGetSchedulerState
 .text.vTaskPriorityInherit
                0x00002ac0       0xbc ./freertos/Source/tasks.o
                0x00002ac0                vTaskPriorityInherit
 .text.xTaskPriorityDisinherit
                0x00002b7c       0xb8 ./freertos/Source/tasks.o
                0x00002b7c                xTaskPriorityDisinherit
 .text.pvTaskIncrementMutexHeldCount
                0x00002c34       0x24 ./freertos/Source/tasks.o
                0x00002c34                pvTaskIncrementMutexHeldCount
 .text.prvAddCurrentTaskToDelayedList
                0x00002c58       0xa8 ./freertos/Source/tasks.o
 .text.xTimerCreateTimerTask
                0x00002d00       0x58 ./freertos/Source/timers.o
                0x00002d00                xTimerCreateTimerTask
 .text.xTimerGenericCommand
                0x00002d58       0xac ./freertos/Source/timers.o
                0x00002d58                xTimerGenericCommand
 .text.prvProcessExpiredTimer
                0x00002e04       0x74 ./freertos/Source/timers.o
 .text.prvTimerTask
                0x00002e78       0x28 ./freertos/Source/timers.o
 .text.prvProcessTimerOrBlockTask
                0x00002ea0       0x90 ./freertos/Source/timers.o
 .text.prvGetNextExpireTime
                0x00002f30       0x40 ./freertos/Source/timers.o
 .text.prvSampleTimeNow
                0x00002f70       0x40 ./freertos/Source/timers.o
 .text.prvInsertTimerInActiveList
                0x00002fb0       0x84 ./freertos/Source/timers.o
 .text.prvProcessReceivedCommands
                0x00003034      0x140 ./freertos/Source/timers.o
 .text.prvSwitchTimerLists
                0x00003174       0xb8 ./freertos/Source/timers.o
 .text.prvCheckForValidListAndQueue
                0x0000322c       0x74 ./freertos/Source/timers.o
 .text.CLOCK_SetEr32kClock
                0x000032a0       0x30 ./drivers/fsl_clock.o
 .text.CLOCK_SetSimConfig
                0x000032d0       0x2c ./drivers/fsl_clock.o
                0x000032d0                CLOCK_SetSimConfig
 .text.CLOCK_GetPeriphClkFreq
                0x000032fc       0x38 ./drivers/fsl_clock.o
                0x000032fc                CLOCK_GetPeriphClkFreq
 .text.CLOCK_SetMcgliteConfig
                0x00003334      0x124 ./drivers/fsl_clock.o
                0x00003334                CLOCK_SetMcgliteConfig
 .text.__assert_func
                0x00003458       0x28 ./drivers/fsl_common.o
                0x00003458                __assert_func
 .text.DMA_ClearChannelStatusFlags
                0x00003480       0x60 ./drivers/fsl_dma.o
 .text.DMA_HandleIRQ
                0x000034e0       0x60 ./drivers/fsl_dma.o
                0x000034e0                DMA_HandleIRQ
 .text.DMA0_DriverIRQHandler
                0x00003540       0x18 ./drivers/fsl_dma.o
                0x00003540                DMA0_DriverIRQHandler
 .text.DMA1_DriverIRQHandler
                0x00003558       0x18 ./drivers/fsl_dma.o
                0x00003558                DMA1_DriverIRQHandler
 .text.DMA2_DriverIRQHandler
                0x00003570       0x18 ./drivers/fsl_dma.o
                0x00003570                DMA2_DriverIRQHandler
 .text.DMA3_DriverIRQHandler
                0x00003588       0x18 ./drivers/fsl_dma.o
                0x00003588                DMA3_DriverIRQHandler
 .text.FLEXIO_CommonIRQHandler
                0x000035a0       0x64 ./drivers/fsl_flexio.o
                0x000035a0                FLEXIO_CommonIRQHandler
 .text.UART2_FLEXIO_DriverIRQHandler
                0x00003604        0xc ./drivers/fsl_flexio.o
                0x00003604                UART2_FLEXIO_DriverIRQHandler
 .text.GPIO_WritePinOutput
                0x00003610       0x34 ./drivers/fsl_gpio.o
 .text.GPIO_PinInit
                0x00003644       0x78 ./drivers/fsl_gpio.o
                0x00003644                GPIO_PinInit
 .text.I2C_TransferCommonIRQHandler
                0x000036bc       0x58 ./drivers/fsl_i2c.o
 .text.I2C0_DriverIRQHandler
                0x00003714       0x20 ./drivers/fsl_i2c.o
                0x00003714                I2C0_DriverIRQHandler
 .text.I2C1_DriverIRQHandler
                0x00003734       0x20 ./drivers/fsl_i2c.o
                0x00003734                I2C1_DriverIRQHandler
 .text.CLOCK_EnableClock
                0x00003754       0x34 ./drivers/fsl_lpuart.o
 .text.LPUART_GetInstance
                0x00003788       0x58 ./drivers/fsl_lpuart.o
                0x00003788                LPUART_GetInstance
 .text.LPUART_Init
                0x000037e0      0x29c ./drivers/fsl_lpuart.o
                0x000037e0                LPUART_Init
 .text.LPUART_GetDefaultConfig
                0x00003a7c       0x5c ./drivers/fsl_lpuart.o
                0x00003a7c                LPUART_GetDefaultConfig
 .text.LPUART_GetStatusFlags
                0x00003ad8       0x18 ./drivers/fsl_lpuart.o
                0x00003ad8                LPUART_GetStatusFlags
 .text.LPUART_ClearStatusFlags
                0x00003af0       0x88 ./drivers/fsl_lpuart.o
                0x00003af0                LPUART_ClearStatusFlags
 .text.LPUART_WriteBlocking
                0x00003b78       0x5c ./drivers/fsl_lpuart.o
                0x00003b78                LPUART_WriteBlocking
 .text.LPUART_ReadBlocking
                0x00003bd4       0xe8 ./drivers/fsl_lpuart.o
                0x00003bd4                LPUART_ReadBlocking
 .text.LPUART0_DriverIRQHandler
                0x00003cbc       0x24 ./drivers/fsl_lpuart.o
                0x00003cbc                LPUART0_DriverIRQHandler
 .text.LPUART1_DriverIRQHandler
                0x00003ce0       0x24 ./drivers/fsl_lpuart.o
                0x00003ce0                LPUART1_DriverIRQHandler
 .text.SPI_CommonIRQHandler
                0x00003d04       0x54 ./drivers/fsl_spi.o
 .text.SPI0_DriverIRQHandler
                0x00003d58       0x3c ./drivers/fsl_spi.o
                0x00003d58                SPI0_DriverIRQHandler
 .text.SPI1_DriverIRQHandler
                0x00003d94       0x3c ./drivers/fsl_spi.o
                0x00003d94                SPI1_DriverIRQHandler
 .text.CLOCK_EnableClock
                0x00003dd0       0x34 ./drivers/fsl_uart.o
 .text.UART_GetInstance
                0x00003e04       0x60 ./drivers/fsl_uart.o
                0x00003e04                UART_GetInstance
 .text.UART_Init
                0x00003e64      0x214 ./drivers/fsl_uart.o
                0x00003e64                UART_Init
 .text.UART_GetDefaultConfig
                0x00004078       0x4c ./drivers/fsl_uart.o
                0x00004078                UART_GetDefaultConfig
 .text.UART_GetStatusFlags
                0x000040c4       0x28 ./drivers/fsl_uart.o
                0x000040c4                UART_GetStatusFlags
 .text.UART_WriteBlocking
                0x000040ec       0x3c ./drivers/fsl_uart.o
                0x000040ec                UART_WriteBlocking
 .text.UART_ReadBlocking
                0x00004128       0xac ./drivers/fsl_uart.o
                0x00004128                UART_ReadBlocking
 .text.CLOCK_SetLpuart0Clock
                0x000041d4       0x38 ./board/board.o
 .text.BOARD_InitDebugConsole
                0x0000420c       0x30 ./board/board.o
                0x0000420c                BOARD_InitDebugConsole
 .text.CLOCK_SetSimSafeDivs
                0x0000423c       0x1c ./board/clock_config.o
 .text.BOARD_BootClockRUN
                0x00004258       0x58 ./board/clock_config.o
                0x00004258                BOARD_BootClockRUN
 .text.CLOCK_EnableClock
                0x000042b0       0x34 ./board/pin_mux.o
 .text.PORT_SetPinMux
                0x000042e4       0x3c ./board/pin_mux.o
 .text.BOARD_InitPins
                0x00004320       0x80 ./board/pin_mux.o
                0x00004320                BOARD_InitPins
 .text.exit     0x000043a0       0x2c c:/freescale/kds_v3/toolchain/bin/../lib/gcc/arm-none-eabi/4.8.4/../../../../arm-none-eabi/lib/armv6-m\libg_s.a(lib_a-exit.o)
                0x000043a0                exit
 .text.__libc_init_array
                0x000043cc       0x4c c:/freescale/kds_v3/toolchain/bin/../lib/gcc/arm-none-eabi/4.8.4/../../../../arm-none-eabi/lib/armv6-m\libg_s.a(lib_a-init.o)
                0x000043cc                __libc_init_array
 .text.memcpy   0x00004418       0x12 c:/freescale/kds_v3/toolchain/bin/../lib/gcc/arm-none-eabi/4.8.4/../../../../arm-none-eabi/lib/armv6-m\libg_s.a(lib_a-memcpy-stub.o)
                0x00004418                memcpy
 .text.memset   0x0000442a       0x10 c:/freescale/kds_v3/toolchain/bin/../lib/gcc/arm-none-eabi/4.8.4/../../../../arm-none-eabi/lib/armv6-m\libg_s.a(lib_a-memset.o)
                0x0000442a                memset
 .text.strlen   0x0000443a        0xe c:/freescale/kds_v3/toolchain/bin/../lib/gcc/arm-none-eabi/4.8.4/../../../../arm-none-eabi/lib/armv6-m\libg_s.a(lib_a-strlen.o)
                0x0000443a                strlen
 .text._exit    0x00004448        0x4 c:/freescale/kds_v3/toolchain/bin/../lib/gcc/arm-none-eabi/4.8.4/../../../../arm-none-eabi/lib/armv6-m\libnosys.a(_exit.o)
                0x00004448                _exit
 *(.rodata)
 .rodata        0x0000444c       0x50 ./source/main.o
 .rodata        0x0000449c        0x8 ./freertos/Source/tasks.o
 .rodata        0x000044a4       0x10 ./freertos/Source/timers.o
 .rodata        0x000044b4       0x44 ./drivers/fsl_clock.o
 .rodata        0x000044f8       0x40 ./drivers/fsl_common.o
 .rodata        0x00004538      0x140 ./drivers/fsl_dma.o
 .rodata        0x00004678       0x48 ./drivers/fsl_gpio.o
 .rodata        0x000046c0       0xb8 ./drivers/fsl_lpuart.o
 .rodata        0x00004778       0xa0 ./drivers/fsl_spi.o
 .rodata        0x00004818       0xac ./drivers/fsl_uart.o
 .rodata        0x000048c4       0x18 ./board/clock_config.o
 *(.rodata*)
 .rodata.prvProcessReceivedCommands
                0x000048dc       0x28 ./freertos/Source/timers.o
 .rodata.__func__.5407
                0x00004904       0x18 ./drivers/fsl_clock.o
 .rodata.__func__.5610
                0x0000491c       0x10 ./drivers/fsl_dma.o
 .rodata.__func__.5478
                0x0000492c       0x1c ./drivers/fsl_dma.o
 .rodata.__func__.5366
                0x00004948       0x10 ./drivers/fsl_gpio.o
 .rodata.s_lpuartBases
                0x00004958        0x8 ./drivers/fsl_lpuart.o
 .rodata.s_lpuartClock
                0x00004960        0x8 ./drivers/fsl_lpuart.o
 .rodata.__func__.5536
                0x00004968       0x14 ./drivers/fsl_lpuart.o
 .rodata.__func__.5574
                0x0000497c        0xc ./drivers/fsl_lpuart.o
 .rodata.__func__.5596
                0x00004988       0x18 ./drivers/fsl_lpuart.o
 .rodata.__func__.5642
                0x000049a0       0x18 ./drivers/fsl_lpuart.o
 .rodata.__func__.5654
                0x000049b8       0x14 ./drivers/fsl_lpuart.o
 .rodata.__func__.5757
                0x000049cc       0x18 ./drivers/fsl_spi.o
 .rodata.__func__.5761
                0x000049e4       0x18 ./drivers/fsl_spi.o
 .rodata.s_uartBases
                0x000049fc        0xc ./drivers/fsl_uart.o
 .rodata.s_uartClock
                0x00004a08        0xc ./drivers/fsl_uart.o
 .rodata.__func__.5526
                0x00004a14       0x14 ./drivers/fsl_uart.o
 .rodata.__func__.5542
                0x00004a28        0xc ./drivers/fsl_uart.o
 .rodata.__func__.5557
                0x00004a34       0x18 ./drivers/fsl_uart.o
 .rodata.__func__.5617
                0x00004a4c       0x14 ./drivers/fsl_uart.o
 .rodata.str1.1
                0x00004a60        0x2 c:/freescale/kds_v3/toolchain/bin/../lib/gcc/arm-none-eabi/4.8.4/../../../../arm-none-eabi/lib/armv6-m\libg_s.a(lib_a-impure.o)
 *fill*         0x00004a62        0x2 
 .rodata._global_impure_ptr
                0x00004a64        0x4 c:/freescale/kds_v3/toolchain/bin/../lib/gcc/arm-none-eabi/4.8.4/../../../../arm-none-eabi/lib/armv6-m\libg_s.a(lib_a-impure.o)
                0x00004a64                _global_impure_ptr
 *(.glue_7)
 .glue_7        0x00000000        0x0 linker stubs
 *(.glue_7t)
 .glue_7t       0x00000000        0x0 linker stubs
 *(.eh_frame)
 .eh_frame      0x00004a68        0x0 c:/freescale/kds_v3/toolchain/bin/../lib/gcc/arm-none-eabi/4.8.4/armv6-m/crtbegin.o
 *(.init)
 .init          0x00004a68        0x4 c:/freescale/kds_v3/toolchain/bin/../lib/gcc/arm-none-eabi/4.8.4/armv6-m/crti.o
                0x00004a68                _init
 .init          0x00004a6c        0x8 c:/freescale/kds_v3/toolchain/bin/../lib/gcc/arm-none-eabi/4.8.4/armv6-m/crtn.o
 *(.fini)
 .fini          0x00004a74        0x4 c:/freescale/kds_v3/toolchain/bin/../lib/gcc/arm-none-eabi/4.8.4/armv6-m/crti.o
                0x00004a74                _fini
 .fini          0x00004a78        0x8 c:/freescale/kds_v3/toolchain/bin/../lib/gcc/arm-none-eabi/4.8.4/armv6-m/crtn.o
                0x00004a80                . = ALIGN (0x4)

.vfp11_veneer   0x00004a80        0x0
 .vfp11_veneer  0x00000000        0x0 linker stubs

.v4_bx          0x00004a80        0x0
 .v4_bx         0x00000000        0x0 linker stubs

.iplt           0x00004a80        0x0
 .iplt          0x00000000        0x0 c:/freescale/kds_v3/toolchain/bin/../lib/gcc/arm-none-eabi/4.8.4/armv6-m/crtbegin.o

.ARM.extab
 *(.ARM.extab* .gnu.linkonce.armextab.*)

.ARM            0x00004a80        0x8
                0x00004a80                __exidx_start = .
 *(.ARM.exidx*)
 .ARM.exidx     0x00004a80        0x8 c:/freescale/kds_v3/toolchain/bin/../lib/gcc/arm-none-eabi/4.8.4/../../../../arm-none-eabi/lib/armv6-m/crt0.o
                0x00004a88                __exidx_end = .

.rel.dyn        0x00004a88        0x0
 .rel.iplt      0x00000000        0x0 c:/freescale/kds_v3/toolchain/bin/../lib/gcc/arm-none-eabi/4.8.4/armv6-m/crtbegin.o

.ctors          0x00004a88        0x0
                0x00004a88                __CTOR_LIST__ = .
 *crtbegin.o(.ctors)
 *crtbegin?.o(.ctors)
 *(EXCLUDE_FILE(*crtend.o *crtend?.o) .ctors)
 *(SORT(.ctors.*))
 *(.ctors)
                0x00004a88                __CTOR_END__ = .

.dtors          0x00004a88        0x0
                0x00004a88                __DTOR_LIST__ = .
 *crtbegin.o(.dtors)
 *crtbegin?.o(.dtors)
 *(EXCLUDE_FILE(*crtend.o *crtend?.o) .dtors)
 *(SORT(.dtors.*))
 *(.dtors)
                0x00004a88                __DTOR_END__ = .

.preinit_array  0x00004a88        0x0
                0x00004a88                PROVIDE (__preinit_array_start, .)
 *(.preinit_array*)
                0x00004a88                PROVIDE (__preinit_array_end, .)

.init_array     0x00004a88        0x4
                0x00004a88                PROVIDE (__init_array_start, .)
 *(SORT(.init_array.*))
 *(.init_array*)
 .init_array    0x00004a88        0x4 c:/freescale/kds_v3/toolchain/bin/../lib/gcc/arm-none-eabi/4.8.4/armv6-m/crtbegin.o
                0x00004a8c                PROVIDE (__init_array_end, .)

.fini_array     0x00004a8c        0x4
                0x00004a8c                PROVIDE (__fini_array_start, .)
 *(SORT(.fini_array.*))
 *(.fini_array*)
 .fini_array    0x00004a8c        0x4 c:/freescale/kds_v3/toolchain/bin/../lib/gcc/arm-none-eabi/4.8.4/armv6-m/crtbegin.o
                0x00004a90                PROVIDE (__fini_array_end, .)
                0x00004a90                __etext = .
                0x00004a90                __DATA_ROM = .

.mtb            0x1ffff000        0x0
                0x1ffff000                . = ALIGN (0x8)
                0x1ffff000                _mtb_start = .
 *(.mtb_buf)
                0x1ffff000                . = ALIGN (0x8)
                0x1ffff000                _mtb_end = .

.interrupts_ram
                0x1ffff000        0x0
                0x1ffff000                . = ALIGN (0x4)
                0x1ffff000                __VECTOR_RAM__ = .
                0x1ffff000                __interrupts_ram_start__ = .
 *(.m_interrupts_ram)
                0x1ffff000                . = (. + M_VECTOR_RAM_SIZE)
                0x1ffff000                . = ALIGN (0x4)
                0x1ffff000                __interrupts_ram_end__ = .
                0x00000000                __VECTOR_RAM = DEFINED (__ram_vector_table__)?__VECTOR_RAM__:ORIGIN (m_interrupts)
                0x00000000                __RAM_VECTOR_TABLE_SIZE_BYTES = DEFINED (__ram_vector_table__)?(__interrupts_ram_end__ - __interrupts_ram_start__):0x0

.data           0x1ffff000       0x6c load address 0x00004a90
                0x1ffff000                . = ALIGN (0x4)
                0x1ffff000                __DATA_RAM = .
                0x1ffff000                __data_start__ = .
 *(.data)
 *(.data*)
 .data.SystemCoreClock
                0x1ffff000        0x4 ./startup/system_MKL27Z644.o
                0x1ffff000                SystemCoreClock
 .data.uxCriticalNesting
                0x1ffff004        0x4 ./freertos/Source/portable/GCC/ARM_CM0/port.o
 .data.impure_data
                0x1ffff008       0x60 c:/freescale/kds_v3/toolchain/bin/../lib/gcc/arm-none-eabi/4.8.4/../../../../arm-none-eabi/lib/armv6-m\libg_s.a(lib_a-impure.o)
 *(.jcr*)
 .jcr           0x1ffff068        0x0 c:/freescale/kds_v3/toolchain/bin/../lib/gcc/arm-none-eabi/4.8.4/armv6-m/crtbegin.o
 .jcr           0x1ffff068        0x4 c:/freescale/kds_v3/toolchain/bin/../lib/gcc/arm-none-eabi/4.8.4/armv6-m/crtend.o
                0x1ffff06c                . = ALIGN (0x4)
                0x1ffff06c                __data_end__ = .
                0x00004afc                __DATA_END = (__DATA_ROM + (__data_end__ - __data_start__))
                0x00010000                text_end = (ORIGIN (m_text) + 0xfbf0)
                0x00000001                ASSERT ((__DATA_END <= text_end), region m_text overflowed with text and data)
                0x00000000                USB_RAM_GAP = DEFINED (__usb_use_usbram__)?0x0:DEFINED (__usb_ram_size__)?__usb_ram_size__:0x0

.igot.plt       0x1ffff06c        0x0 load address 0x00004afc
 .igot.plt      0x00000000        0x0 c:/freescale/kds_v3/toolchain/bin/../lib/gcc/arm-none-eabi/4.8.4/armv6-m/crtbegin.o

.bss            0x1ffff06c     0x2bd4 load address 0x00004afc
                0x1ffff06c                . = ALIGN (0x4)
                0x1ffff06c                __START_BSS = .
                0x1ffff06c                __bss_start__ = .
 *(.bss)
 .bss           0x1ffff06c       0x1c c:/freescale/kds_v3/toolchain/bin/../lib/gcc/arm-none-eabi/4.8.4/armv6-m/crtbegin.o
 *(.bss*)
 .bss.s_debugConsole
                0x1ffff088       0x10 ./utilities/fsl_debug_console.o
 .bss.ucHeap    0x1ffff098     0x2800 ./freertos/Source/portable/MemMang/heap_4.o
 .bss.xStart    0x20001898        0x8 ./freertos/Source/portable/MemMang/heap_4.o
 .bss.pxEnd     0x200018a0        0x4 ./freertos/Source/portable/MemMang/heap_4.o
 .bss.xFreeBytesRemaining
                0x200018a4        0x4 ./freertos/Source/portable/MemMang/heap_4.o
 .bss.xMinimumEverFreeBytesRemaining
                0x200018a8        0x4 ./freertos/Source/portable/MemMang/heap_4.o
 .bss.xBlockAllocatedBit
                0x200018ac        0x4 ./freertos/Source/portable/MemMang/heap_4.o
 .bss.pxCurrentTCB
                0x200018b0        0x4 ./freertos/Source/tasks.o
                0x200018b0                pxCurrentTCB
 .bss.pxReadyTasksLists
                0x200018b4       0x64 ./freertos/Source/tasks.o
 .bss.xDelayedTaskList1
                0x20001918       0x14 ./freertos/Source/tasks.o
 .bss.xDelayedTaskList2
                0x2000192c       0x14 ./freertos/Source/tasks.o
 .bss.pxDelayedTaskList
                0x20001940        0x4 ./freertos/Source/tasks.o
 .bss.pxOverflowDelayedTaskList
                0x20001944        0x4 ./freertos/Source/tasks.o
 .bss.xPendingReadyList
                0x20001948       0x14 ./freertos/Source/tasks.o
 .bss.xTasksWaitingTermination
                0x2000195c       0x14 ./freertos/Source/tasks.o
 .bss.uxDeletedTasksWaitingCleanUp
                0x20001970        0x4 ./freertos/Source/tasks.o
 .bss.xSuspendedTaskList
                0x20001974       0x14 ./freertos/Source/tasks.o
 .bss.uxCurrentNumberOfTasks
                0x20001988        0x4 ./freertos/Source/tasks.o
 .bss.xTickCount
                0x2000198c        0x4 ./freertos/Source/tasks.o
 .bss.uxTopReadyPriority
                0x20001990        0x4 ./freertos/Source/tasks.o
 .bss.xSchedulerRunning
                0x20001994        0x4 ./freertos/Source/tasks.o
 .bss.uxPendedTicks
                0x20001998        0x4 ./freertos/Source/tasks.o
 .bss.xYieldPending
                0x2000199c        0x4 ./freertos/Source/tasks.o
 .bss.xNumOfOverflows
                0x200019a0        0x4 ./freertos/Source/tasks.o
 .bss.uxTaskNumber
                0x200019a4        0x4 ./freertos/Source/tasks.o
 .bss.xNextTaskUnblockTime
                0x200019a8        0x4 ./freertos/Source/tasks.o
 .bss.xIdleTaskHandle
                0x200019ac        0x4 ./freertos/Source/tasks.o
 .bss.uxSchedulerSuspended
                0x200019b0        0x4 ./freertos/Source/tasks.o
 .bss.xActiveTimerList1
                0x200019b4       0x14 ./freertos/Source/timers.o
 .bss.xActiveTimerList2
                0x200019c8       0x14 ./freertos/Source/timers.o
 .bss.pxCurrentTimerList
                0x200019dc        0x4 ./freertos/Source/timers.o
 .bss.pxOverflowTimerList
                0x200019e0        0x4 ./freertos/Source/timers.o
 .bss.xTimerQueue
                0x200019e4        0x4 ./freertos/Source/timers.o
 .bss.xTimerTaskHandle
                0x200019e8        0x4 ./freertos/Source/timers.o
 .bss.xLastTime.4960
                0x200019ec        0x4 ./freertos/Source/timers.o
 .bss.s_DMAHandle
                0x200019f0       0x10 ./drivers/fsl_dma.o
 .bss.s_flexioHandle
                0x20001a00        0x8 ./drivers/fsl_flexio.o
 .bss.s_flexioType
                0x20001a08        0x8 ./drivers/fsl_flexio.o
 .bss.s_flexioIsr
                0x20001a10        0x8 ./drivers/fsl_flexio.o
 .bss.s_i2cHandle
                0x20001a18        0x8 ./drivers/fsl_i2c.o
 .bss.s_i2cMasterIsr
                0x20001a20        0x4 ./drivers/fsl_i2c.o
 .bss.s_i2cSlaveIsr
                0x20001a24        0x4 ./drivers/fsl_i2c.o
 .bss.s_lpuartHandle
                0x20001a28        0x8 ./drivers/fsl_lpuart.o
 .bss.s_lpuartIsr
                0x20001a30        0x4 ./drivers/fsl_lpuart.o
 .bss.s_spiHandle
                0x20001a34        0x8 ./drivers/fsl_spi.o
 .bss.s_spiMasterIsr
                0x20001a3c        0x4 ./drivers/fsl_spi.o
 .bss.s_spiSlaveIsr
                0x20001a40        0x4 ./drivers/fsl_spi.o
                0x20001c00                . = ALIGN (0x200)
 *fill*         0x20001a44      0x1bc 
                0x20001c00                USB_RAM_START = .
                0x20001c00                . = (. + USB_RAM_GAP)
 *(COMMON)
 COMMON         0x20001c00       0x40 ./freertos/Source/queue.o
                0x20001c00                xQueueRegistry
                0x20001c40                . = ALIGN (0x4)
                0x20001c40                __bss_end__ = .
                0x20001c40                __END_BSS = .

.heap           0x20001c40      0x400 load address 0x000076d0
                0x20001c40                . = ALIGN (0x8)
                0x20001c40                __end__ = .
                0x20001c40                PROVIDE (end, .)
                0x20001c40                __HeapBase = .
                0x20002040                . = (. + HEAP_SIZE)
 *fill*         0x20001c40      0x400 
                0x20002040                __HeapLimit = .
                0x20002040                __heap_limit = .

.stack          0x20002040      0x400 load address 0x00007ad0
                0x20002040                . = ALIGN (0x8)
                0x20002440                . = (. + STACK_SIZE)
 *fill*         0x20002040      0x400 
                [0x20001c00]                USB_RAM_START = DEFINED (__usb_use_usbram__)?ORIGIN (m_usb_sram):USB_RAM_START

m_usb_bdt       0x20001c00        0x0
 *(m_usb_bdt)
                0x20001c00                USB_RAM_BDT_END = .

m_usb_global
 *(m_usb_global)
                0x20003000                __StackTop = (ORIGIN (m_data) + 0x4000)
                0x20002c00                __StackLimit = (__StackTop - STACK_SIZE)
                0x20003000                PROVIDE (__stack, __StackTop)

.ARM.attributes
                0x00000000       0x28
 *(.ARM.attributes)
 .ARM.attributes
                0x00000000       0x1e c:/freescale/kds_v3/toolchain/bin/../lib/gcc/arm-none-eabi/4.8.4/armv6-m/crti.o
 .ARM.attributes
                0x0000001e       0x2c c:/freescale/kds_v3/toolchain/bin/../lib/gcc/arm-none-eabi/4.8.4/armv6-m/crtbegin.o
 .ARM.attributes
                0x0000004a       0x1b c:/freescale/kds_v3/toolchain/bin/../lib/gcc/arm-none-eabi/4.8.4/../../../../arm-none-eabi/lib/armv6-m/crt0.o
 .ARM.attributes
                0x00000065       0x32 ./utilities/fsl_debug_console.o
 .ARM.attributes
                0x00000097       0x1b ./startup/startup_MKL27Z644.o
 .ARM.attributes
                0x000000b2       0x32 ./startup/system_MKL27Z644.o
 .ARM.attributes
                0x000000e4       0x32 ./source/main.o
 .ARM.attributes
                0x00000116       0x32 ./freertos/Source/portable/MemMang/heap_4.o
 .ARM.attributes
                0x00000148       0x32 ./freertos/Source/portable/GCC/ARM_CM0/fsl_tickless_lptmr.o
 .ARM.attributes
                0x0000017a       0x32 ./freertos/Source/portable/GCC/ARM_CM0/port.o
 .ARM.attributes
                0x000001ac       0x32 ./freertos/Source/list.o
 .ARM.attributes
                0x000001de       0x32 ./freertos/Source/queue.o
 .ARM.attributes
                0x00000210       0x32 ./freertos/Source/tasks.o
 .ARM.attributes
                0x00000242       0x32 ./freertos/Source/timers.o
 .ARM.attributes
                0x00000274       0x32 ./drivers/fsl_clock.o
 .ARM.attributes
                0x000002a6       0x32 ./drivers/fsl_common.o
 .ARM.attributes
                0x000002d8       0x32 ./drivers/fsl_dma.o
 .ARM.attributes
                0x0000030a       0x32 ./drivers/fsl_flexio.o
 .ARM.attributes
                0x0000033c       0x32 ./drivers/fsl_gpio.o
 .ARM.attributes
                0x0000036e       0x32 ./drivers/fsl_i2c.o
 .ARM.attributes
                0x000003a0       0x32 ./drivers/fsl_lpuart.o
 .ARM.attributes
                0x000003d2       0x32 ./drivers/fsl_spi.o
 .ARM.attributes
                0x00000404       0x32 ./drivers/fsl_uart.o
 .ARM.attributes
                0x00000436       0x32 ./board/board.o
 .ARM.attributes
                0x00000468       0x32 ./board/clock_config.o
 .ARM.attributes
                0x0000049a       0x32 ./board/pin_mux.o
 .ARM.attributes
                0x000004cc       0x1e c:/freescale/kds_v3/toolchain/bin/../lib/gcc/arm-none-eabi/4.8.4/armv6-m\libgcc.a(_udivsi3.o)
 .ARM.attributes
                0x000004ea       0x1e c:/freescale/kds_v3/toolchain/bin/../lib/gcc/arm-none-eabi/4.8.4/armv6-m\libgcc.a(_divsi3.o)
 .ARM.attributes
                0x00000508       0x1e c:/freescale/kds_v3/toolchain/bin/../lib/gcc/arm-none-eabi/4.8.4/armv6-m\libgcc.a(_dvmd_tls.o)
 .ARM.attributes
                0x00000526       0x2c c:/freescale/kds_v3/toolchain/bin/../lib/gcc/arm-none-eabi/4.8.4/../../../../arm-none-eabi/lib/armv6-m\libg_s.a(lib_a-exit.o)
 .ARM.attributes
                0x00000552       0x2c c:/freescale/kds_v3/toolchain/bin/../lib/gcc/arm-none-eabi/4.8.4/../../../../arm-none-eabi/lib/armv6-m\libg_s.a(lib_a-impure.o)
 .ARM.attributes
                0x0000057e       0x2c c:/freescale/kds_v3/toolchain/bin/../lib/gcc/arm-none-eabi/4.8.4/../../../../arm-none-eabi/lib/armv6-m\libg_s.a(lib_a-init.o)
 .ARM.attributes
                0x000005aa       0x2c c:/freescale/kds_v3/toolchain/bin/../lib/gcc/arm-none-eabi/4.8.4/../../../../arm-none-eabi/lib/armv6-m\libg_s.a(lib_a-memcpy-stub.o)
 .ARM.attributes
                0x000005d6       0x2c c:/freescale/kds_v3/toolchain/bin/../lib/gcc/arm-none-eabi/4.8.4/../../../../arm-none-eabi/lib/armv6-m\libg_s.a(lib_a-memset.o)
 .ARM.attributes
                0x00000602       0x2c c:/freescale/kds_v3/toolchain/bin/../lib/gcc/arm-none-eabi/4.8.4/../../../../arm-none-eabi/lib/armv6-m\libg_s.a(lib_a-strlen.o)
 .ARM.attributes
                0x0000062e       0x2c c:/freescale/kds_v3/toolchain/bin/../lib/gcc/arm-none-eabi/4.8.4/../../../../arm-none-eabi/lib/armv6-m\libnosys.a(_exit.o)
 .ARM.attributes
                0x0000065a       0x2c c:/freescale/kds_v3/toolchain/bin/../lib/gcc/arm-none-eabi/4.8.4/armv6-m/crtend.o
 .ARM.attributes
                0x00000686       0x1e c:/freescale/kds_v3/toolchain/bin/../lib/gcc/arm-none-eabi/4.8.4/armv6-m/crtn.o
                0x00000001                ASSERT ((__StackLimit >= __HeapLimit), region m_data overflowed with stack and heap)
OUTPUT(LED_rtos.elf elf32-littlearm)

.debug_info     0x00000000     0xf398
 .debug_info    0x00000000      0xf02 ./utilities/fsl_debug_console.o
 .debug_info    0x00000f02       0x77 ./startup/startup_MKL27Z644.o
 .debug_info    0x00000f79      0x3c8 ./startup/system_MKL27Z644.o
 .debug_info    0x00001341      0x2a8 ./source/main.o
 .debug_info    0x000015e9      0x2e8 ./freertos/Source/portable/MemMang/heap_4.o
 .debug_info    0x000018d1       0xbc ./freertos/Source/portable/GCC/ARM_CM0/fsl_tickless_lptmr.o
 .debug_info    0x0000198d      0x22d ./freertos/Source/portable/GCC/ARM_CM0/port.o
 .debug_info    0x00001bba      0x2a1 ./freertos/Source/list.o
 .debug_info    0x00001e5b      0xe1c ./freertos/Source/queue.o
 .debug_info    0x00002c77     0x174e ./freertos/Source/tasks.o
 .debug_info    0x000043c5      0xad3 ./freertos/Source/timers.o
 .debug_info    0x00004e98     0x10fa ./drivers/fsl_clock.o
 .debug_info    0x00005f92      0x378 ./drivers/fsl_common.o
 .debug_info    0x0000630a      0xff3 ./drivers/fsl_dma.o
 .debug_info    0x000072fd      0xf81 ./drivers/fsl_flexio.o
 .debug_info    0x0000827e      0x510 ./drivers/fsl_gpio.o
 .debug_info    0x0000878e     0x1b2a ./drivers/fsl_i2c.o
 .debug_info    0x0000a2b8     0x15f3 ./drivers/fsl_lpuart.o
 .debug_info    0x0000b8ab     0x1553 ./drivers/fsl_spi.o
 .debug_info    0x0000cdfe     0x164f ./drivers/fsl_uart.o
 .debug_info    0x0000e44d      0x344 ./board/board.o
 .debug_info    0x0000e791      0x6b2 ./board/clock_config.o
 .debug_info    0x0000ee43      0x555 ./board/pin_mux.o

.debug_abbrev   0x00000000     0x26cd
 .debug_abbrev  0x00000000      0x286 ./utilities/fsl_debug_console.o
 .debug_abbrev  0x00000286       0x14 ./startup/startup_MKL27Z644.o
 .debug_abbrev  0x0000029a      0x109 ./startup/system_MKL27Z644.o
 .debug_abbrev  0x000003a3      0x130 ./source/main.o
 .debug_abbrev  0x000004d3      0x15b ./freertos/Source/portable/MemMang/heap_4.o
 .debug_abbrev  0x0000062e       0x63 ./freertos/Source/portable/GCC/ARM_CM0/fsl_tickless_lptmr.o
 .debug_abbrev  0x00000691      0x160 ./freertos/Source/portable/GCC/ARM_CM0/port.o
 .debug_abbrev  0x000007f1       0xc1 ./freertos/Source/list.o
 .debug_abbrev  0x000008b2      0x1a6 ./freertos/Source/queue.o
 .debug_abbrev  0x00000a58      0x245 ./freertos/Source/tasks.o
 .debug_abbrev  0x00000c9d      0x1ac ./freertos/Source/timers.o
 .debug_abbrev  0x00000e49      0x292 ./drivers/fsl_clock.o
 .debug_abbrev  0x000010db      0x157 ./drivers/fsl_common.o
 .debug_abbrev  0x00001232      0x269 ./drivers/fsl_dma.o
 .debug_abbrev  0x0000149b      0x21a ./drivers/fsl_flexio.o
 .debug_abbrev  0x000016b5      0x184 ./drivers/fsl_gpio.o
 .debug_abbrev  0x00001839      0x306 ./drivers/fsl_i2c.o
 .debug_abbrev  0x00001b3f      0x275 ./drivers/fsl_lpuart.o
 .debug_abbrev  0x00001db4      0x284 ./drivers/fsl_spi.o
 .debug_abbrev  0x00002038      0x2bf ./drivers/fsl_uart.o
 .debug_abbrev  0x000022f7      0x109 ./board/board.o
 .debug_abbrev  0x00002400      0x178 ./board/clock_config.o
 .debug_abbrev  0x00002578      0x155 ./board/pin_mux.o

.debug_aranges  0x00000000      0xe68
 .debug_aranges
                0x00000000       0xa0 ./utilities/fsl_debug_console.o
 .debug_aranges
                0x000000a0       0x20 ./startup/startup_MKL27Z644.o
 .debug_aranges
                0x000000c0       0x28 ./startup/system_MKL27Z644.o
 .debug_aranges
                0x000000e8       0x50 ./source/main.o
 .debug_aranges
                0x00000138       0x50 ./freertos/Source/portable/MemMang/heap_4.o
 .debug_aranges
                0x00000188       0x20 ./freertos/Source/portable/GCC/ARM_CM0/fsl_tickless_lptmr.o
 .debug_aranges
                0x000001a8       0x80 ./freertos/Source/portable/GCC/ARM_CM0/port.o
 .debug_aranges
                0x00000228       0x40 ./freertos/Source/list.o
 .debug_aranges
                0x00000268      0x118 ./freertos/Source/queue.o
 .debug_aranges
                0x00000380      0x1e8 ./freertos/Source/tasks.o
 .debug_aranges
                0x00000568       0xc8 ./freertos/Source/timers.o
 .debug_aranges
                0x00000630       0xd0 ./drivers/fsl_clock.o
 .debug_aranges
                0x00000700       0x28 ./drivers/fsl_common.o
 .debug_aranges
                0x00000728       0xd0 ./drivers/fsl_dma.o
 .debug_aranges
                0x000007f8       0xa0 ./drivers/fsl_flexio.o
 .debug_aranges
                0x00000898       0x40 ./drivers/fsl_gpio.o
 .debug_aranges
                0x000008d8      0x178 ./drivers/fsl_i2c.o
 .debug_aranges
                0x00000a50      0x120 ./drivers/fsl_lpuart.o
 .debug_aranges
                0x00000b70      0x130 ./drivers/fsl_spi.o
 .debug_aranges
                0x00000ca0      0x120 ./drivers/fsl_uart.o
 .debug_aranges
                0x00000dc0       0x28 ./board/board.o
 .debug_aranges
                0x00000de8       0x50 ./board/clock_config.o
 .debug_aranges
                0x00000e38       0x30 ./board/pin_mux.o

.debug_ranges   0x00000000      0xce8
 .debug_ranges  0x00000000       0x90 ./utilities/fsl_debug_console.o
 .debug_ranges  0x00000090       0x18 ./startup/system_MKL27Z644.o
 .debug_ranges  0x000000a8       0x40 ./source/main.o
 .debug_ranges  0x000000e8       0x40 ./freertos/Source/portable/MemMang/heap_4.o
 .debug_ranges  0x00000128       0x10 ./freertos/Source/portable/GCC/ARM_CM0/fsl_tickless_lptmr.o
 .debug_ranges  0x00000138       0x70 ./freertos/Source/portable/GCC/ARM_CM0/port.o
 .debug_ranges  0x000001a8       0x30 ./freertos/Source/list.o
 .debug_ranges  0x000001d8      0x108 ./freertos/Source/queue.o
 .debug_ranges  0x000002e0      0x1d8 ./freertos/Source/tasks.o
 .debug_ranges  0x000004b8       0xb8 ./freertos/Source/timers.o
 .debug_ranges  0x00000570       0xc0 ./drivers/fsl_clock.o
 .debug_ranges  0x00000630       0x18 ./drivers/fsl_common.o
 .debug_ranges  0x00000648       0xc0 ./drivers/fsl_dma.o
 .debug_ranges  0x00000708       0x90 ./drivers/fsl_flexio.o
 .debug_ranges  0x00000798       0x30 ./drivers/fsl_gpio.o
 .debug_ranges  0x000007c8      0x168 ./drivers/fsl_i2c.o
 .debug_ranges  0x00000930      0x110 ./drivers/fsl_lpuart.o
 .debug_ranges  0x00000a40      0x120 ./drivers/fsl_spi.o
 .debug_ranges  0x00000b60      0x110 ./drivers/fsl_uart.o
 .debug_ranges  0x00000c70       0x18 ./board/board.o
 .debug_ranges  0x00000c88       0x40 ./board/clock_config.o
 .debug_ranges  0x00000cc8       0x20 ./board/pin_mux.o

.debug_macro    0x00000000     0xaf41
 .debug_macro   0x00000000      0x1de ./utilities/fsl_debug_console.o
 .debug_macro   0x000001de      0x814 ./utilities/fsl_debug_console.o
 .debug_macro   0x000009f2       0x58 ./utilities/fsl_debug_console.o
 .debug_macro   0x00000a4a       0x58 ./utilities/fsl_debug_console.o
 .debug_macro   0x00000aa2       0x16 ./utilities/fsl_debug_console.o
 .debug_macro   0x00000ab8       0x35 ./utilities/fsl_debug_console.o
 .debug_macro   0x00000aed       0xa3 ./utilities/fsl_debug_console.o
 .debug_macro   0x00000b90       0x16 ./utilities/fsl_debug_console.o
 .debug_macro   0x00000ba6      0x10e ./utilities/fsl_debug_console.o
 .debug_macro   0x00000cb4       0x7f ./utilities/fsl_debug_console.o
 .debug_macro   0x00000d33       0x4a ./utilities/fsl_debug_console.o
 .debug_macro   0x00000d7d       0x52 ./utilities/fsl_debug_console.o
 .debug_macro   0x00000dcf       0x16 ./utilities/fsl_debug_console.o
 .debug_macro   0x00000de5       0x43 ./utilities/fsl_debug_console.o
 .debug_macro   0x00000e28      0x180 ./utilities/fsl_debug_console.o
 .debug_macro   0x00000fa8       0x22 ./utilities/fsl_debug_console.o
 .debug_macro   0x00000fca       0xde ./utilities/fsl_debug_console.o
 .debug_macro   0x000010a8       0x16 ./utilities/fsl_debug_console.o
 .debug_macro   0x000010be       0x22 ./utilities/fsl_debug_console.o
 .debug_macro   0x000010e0      0x20f ./utilities/fsl_debug_console.o
 .debug_macro   0x000012ef      0x2a6 ./utilities/fsl_debug_console.o
 .debug_macro   0x00001595       0x10 ./utilities/fsl_debug_console.o
 .debug_macro   0x000015a5       0x35 ./utilities/fsl_debug_console.o
 .debug_macro   0x000015da       0x10 ./utilities/fsl_debug_console.o
 .debug_macro   0x000015ea       0x3f ./utilities/fsl_debug_console.o
 .debug_macro   0x00001629       0x3a ./utilities/fsl_debug_console.o
 .debug_macro   0x00001663       0x26 ./utilities/fsl_debug_console.o
 .debug_macro   0x00001689      0x329 ./utilities/fsl_debug_console.o
 .debug_macro   0x000019b2       0x3e ./utilities/fsl_debug_console.o
 .debug_macro   0x000019f0     0x546d ./utilities/fsl_debug_console.o
 .debug_macro   0x00006e5d     0x12a4 ./utilities/fsl_debug_console.o
 .debug_macro   0x00008101       0x34 ./utilities/fsl_debug_console.o
 .debug_macro   0x00008135       0xea ./utilities/fsl_debug_console.o
 .debug_macro   0x0000821f       0x35 ./utilities/fsl_debug_console.o
 .debug_macro   0x00008254       0x3a ./utilities/fsl_debug_console.o
 .debug_macro   0x0000828e       0x10 ./utilities/fsl_debug_console.o
 .debug_macro   0x0000829e       0x10 ./utilities/fsl_debug_console.o
 .debug_macro   0x000082ae       0x9a ./startup/system_MKL27Z644.o
 .debug_macro   0x00008348       0x44 ./startup/system_MKL27Z644.o
 .debug_macro   0x0000838c      0x24a ./source/main.o
 .debug_macro   0x000085d6       0x16 ./source/main.o
 .debug_macro   0x000085ec      0x10c ./source/main.o
 .debug_macro   0x000086f8      0x1b5 ./source/main.o
 .debug_macro   0x000088ad      0x168 ./source/main.o
 .debug_macro   0x00008a15       0xb6 ./source/main.o
 .debug_macro   0x00008acb       0x10 ./source/main.o
 .debug_macro   0x00008adb       0x1f ./source/main.o
 .debug_macro   0x00008afa      0x2b2 ./source/main.o
 .debug_macro   0x00008dac       0xc0 ./source/main.o
 .debug_macro   0x00008e6c       0x8c ./source/main.o
 .debug_macro   0x00008ef8       0x94 ./source/main.o
 .debug_macro   0x00008f8c       0x91 ./source/main.o
 .debug_macro   0x0000901d      0x15a ./freertos/Source/portable/MemMang/heap_4.o
 .debug_macro   0x00009177      0x1b5 ./freertos/Source/portable/MemMang/heap_4.o
 .debug_macro   0x0000932c       0xb9 ./freertos/Source/portable/GCC/ARM_CM0/fsl_tickless_lptmr.o
 .debug_macro   0x000093e5       0x8e ./freertos/Source/portable/GCC/ARM_CM0/fsl_tickless_lptmr.o
 .debug_macro   0x00009473       0xc5 ./freertos/Source/portable/GCC/ARM_CM0/port.o
 .debug_macro   0x00009538      0x133 ./freertos/Source/list.o
 .debug_macro   0x0000966b      0x1be ./freertos/Source/queue.o
 .debug_macro   0x00009829      0x22e ./freertos/Source/tasks.o
 .debug_macro   0x00009a57       0x11 ./freertos/Source/tasks.o
 .debug_macro   0x00009a68      0x170 ./freertos/Source/timers.o
 .debug_macro   0x00009bd8      0x1b2 ./drivers/fsl_clock.o
 .debug_macro   0x00009d8a      0x189 ./drivers/fsl_common.o
 .debug_macro   0x00009f13      0x186 ./drivers/fsl_dma.o
 .debug_macro   0x0000a099      0x18b ./drivers/fsl_flexio.o
 .debug_macro   0x0000a224       0x1c ./drivers/fsl_flexio.o
 .debug_macro   0x0000a240      0x186 ./drivers/fsl_gpio.o
 .debug_macro   0x0000a3c6      0x185 ./drivers/fsl_i2c.o
 .debug_macro   0x0000a54b       0x10 ./drivers/fsl_i2c.o
 .debug_macro   0x0000a55b      0x186 ./drivers/fsl_lpuart.o
 .debug_macro   0x0000a6e1      0x185 ./drivers/fsl_spi.o
 .debug_macro   0x0000a866       0x10 ./drivers/fsl_spi.o
 .debug_macro   0x0000a876      0x18c ./drivers/fsl_uart.o
 .debug_macro   0x0000aa02      0x1a6 ./board/board.o
 .debug_macro   0x0000aba8       0x40 ./board/board.o
 .debug_macro   0x0000abe8       0x10 ./board/board.o
 .debug_macro   0x0000abf8      0x188 ./board/clock_config.o
 .debug_macro   0x0000ad80       0x10 ./board/clock_config.o
 .debug_macro   0x0000ad90      0x1a1 ./board/pin_mux.o
 .debug_macro   0x0000af31       0x10 ./board/pin_mux.o

.debug_line     0x00000000     0x8159
 .debug_line    0x00000000      0x7eb ./utilities/fsl_debug_console.o
 .debug_line    0x000007eb       0xc9 ./startup/startup_MKL27Z644.o
 .debug_line    0x000008b4      0x234 ./startup/system_MKL27Z644.o
 .debug_line    0x00000ae8      0x53f ./source/main.o
 .debug_line    0x00001027      0x3ef ./freertos/Source/portable/MemMang/heap_4.o
 .debug_line    0x00001416      0x271 ./freertos/Source/portable/GCC/ARM_CM0/fsl_tickless_lptmr.o
 .debug_line    0x00001687      0x36b ./freertos/Source/portable/GCC/ARM_CM0/port.o
 .debug_line    0x000019f2      0x336 ./freertos/Source/list.o
 .debug_line    0x00001d28      0x930 ./freertos/Source/queue.o
 .debug_line    0x00002658      0xe09 ./freertos/Source/tasks.o
 .debug_line    0x00003461      0x5bb ./freertos/Source/timers.o
 .debug_line    0x00003a1c      0x5bd ./drivers/fsl_clock.o
 .debug_line    0x00003fd9      0x390 ./drivers/fsl_common.o
 .debug_line    0x00004369      0x5f7 ./drivers/fsl_dma.o
 .debug_line    0x00004960      0x540 ./drivers/fsl_flexio.o
 .debug_line    0x00004ea0      0x3ab ./drivers/fsl_gpio.o
 .debug_line    0x0000524b      0xafd ./drivers/fsl_i2c.o
 .debug_line    0x00005d48      0x87a ./drivers/fsl_lpuart.o
 .debug_line    0x000065c2      0x822 ./drivers/fsl_spi.o
 .debug_line    0x00006de4      0x87a ./drivers/fsl_uart.o
 .debug_line    0x0000765e      0x394 ./board/board.o
 .debug_line    0x000079f2      0x3e7 ./board/clock_config.o
 .debug_line    0x00007dd9      0x380 ./board/pin_mux.o

.debug_str      0x00000000    0x41a80
 .debug_str     0x00000000    0x34efa ./utilities/fsl_debug_console.o
                              0x353c8 (size before relaxing)
 .debug_str     0x00034efa      0x14b ./startup/system_MKL27Z644.o
                              0x311ae (size before relaxing)
 .debug_str     0x00035045     0x4b92 ./source/main.o
                              0x38b5d (size before relaxing)
 .debug_str     0x00039bd7      0x2a8 ./freertos/Source/portable/MemMang/heap_4.o
                               0x77ef (size before relaxing)
 .debug_str     0x00039e7f      0x463 ./freertos/Source/portable/GCC/ARM_CM0/fsl_tickless_lptmr.o
                               0x665d (size before relaxing)
 .debug_str     0x0003a2e2      0x190 ./freertos/Source/portable/GCC/ARM_CM0/port.o
                               0x67d2 (size before relaxing)
 .debug_str     0x0003a472      0x12c ./freertos/Source/list.o
                               0x7101 (size before relaxing)
 .debug_str     0x0003a59e      0x789 ./freertos/Source/queue.o
                               0x9569 (size before relaxing)
 .debug_str     0x0003ad27     0x1396 ./freertos/Source/tasks.o
                               0xa206 (size before relaxing)
 .debug_str     0x0003c0bd      0x502 ./freertos/Source/timers.o
                               0x8bad (size before relaxing)
 .debug_str     0x0003c5bf      0xd2f ./drivers/fsl_clock.o
                              0x35148 (size before relaxing)
 .debug_str     0x0003d2ee      0x2a6 ./drivers/fsl_common.o
                              0x34275 (size before relaxing)
 .debug_str     0x0003d594      0x7e5 ./drivers/fsl_dma.o
                              0x34eca (size before relaxing)
 .debug_str     0x0003dd79     0x12cf ./drivers/fsl_flexio.o
                              0x3584c (size before relaxing)
 .debug_str     0x0003f048       0xbc ./drivers/fsl_gpio.o
                              0x3441d (size before relaxing)
 .debug_str     0x0003f104      0xc5f ./drivers/fsl_i2c.o
                              0x35426 (size before relaxing)
 .debug_str     0x0003fd63      0x9eb ./drivers/fsl_lpuart.o
                              0x3534a (size before relaxing)
 .debug_str     0x0004074e      0x903 ./drivers/fsl_spi.o
                              0x35130 (size before relaxing)
 .debug_str     0x00041051      0x528 ./drivers/fsl_uart.o
                              0x35232 (size before relaxing)
 .debug_str     0x00041579       0x4d ./board/board.o
                              0x34a1e (size before relaxing)
 .debug_str     0x000415c6      0x2e4 ./board/clock_config.o
                              0x3458e (size before relaxing)
 .debug_str     0x000418aa      0x1d6 ./board/pin_mux.o
                              0x34327 (size before relaxing)

.comment        0x00000000       0x70
 .comment       0x00000000       0x70 ./utilities/fsl_debug_console.o
                                 0x71 (size before relaxing)
 .comment       0x00000000       0x71 ./startup/system_MKL27Z644.o
 .comment       0x00000000       0x71 ./source/main.o
 .comment       0x00000000       0x71 ./freertos/Source/portable/MemMang/heap_4.o
 .comment       0x00000000       0x71 ./freertos/Source/portable/GCC/ARM_CM0/fsl_tickless_lptmr.o
 .comment       0x00000000       0x71 ./freertos/Source/portable/GCC/ARM_CM0/port.o
 .comment       0x00000000       0x71 ./freertos/Source/list.o
 .comment       0x00000000       0x71 ./freertos/Source/queue.o
 .comment       0x00000000       0x71 ./freertos/Source/tasks.o
 .comment       0x00000000       0x71 ./freertos/Source/timers.o
 .comment       0x00000000       0x71 ./drivers/fsl_clock.o
 .comment       0x00000000       0x71 ./drivers/fsl_common.o
 .comment       0x00000000       0x71 ./drivers/fsl_dma.o
 .comment       0x00000000       0x71 ./drivers/fsl_flexio.o
 .comment       0x00000000       0x71 ./drivers/fsl_gpio.o
 .comment       0x00000000       0x71 ./drivers/fsl_i2c.o
 .comment       0x00000000       0x71 ./drivers/fsl_lpuart.o
 .comment       0x00000000       0x71 ./drivers/fsl_spi.o
 .comment       0x00000000       0x71 ./drivers/fsl_uart.o
 .comment       0x00000000       0x71 ./board/board.o
 .comment       0x00000000       0x71 ./board/clock_config.o
 .comment       0x00000000       0x71 ./board/pin_mux.o

.debug_frame    0x00000000     0x3274
 .debug_frame   0x00000000      0x22c ./utilities/fsl_debug_console.o
 .debug_frame   0x0000022c       0x4c ./startup/system_MKL27Z644.o
 .debug_frame   0x00000278       0xf0 ./source/main.o
 .debug_frame   0x00000368       0xe4 ./freertos/Source/portable/MemMang/heap_4.o
 .debug_frame   0x0000044c       0x30 ./freertos/Source/portable/GCC/ARM_CM0/fsl_tickless_lptmr.o
 .debug_frame   0x0000047c      0x154 ./freertos/Source/portable/GCC/ARM_CM0/port.o
 .debug_frame   0x000005d0       0xb0 ./freertos/Source/list.o
 .debug_frame   0x00000680      0x410 ./freertos/Source/queue.o
 .debug_frame   0x00000a90      0x73c ./freertos/Source/tasks.o
 .debug_frame   0x000011cc      0x2c8 ./freertos/Source/timers.o
 .debug_frame   0x00001494      0x2d8 ./drivers/fsl_clock.o
 .debug_frame   0x0000176c       0x50 ./drivers/fsl_common.o
 .debug_frame   0x000017bc      0x2e0 ./drivers/fsl_dma.o
 .debug_frame   0x00001a9c      0x224 ./drivers/fsl_flexio.o
 .debug_frame   0x00001cc0       0xb0 ./drivers/fsl_gpio.o
 .debug_frame   0x00001d70      0x588 ./drivers/fsl_i2c.o
 .debug_frame   0x000022f8      0x428 ./drivers/fsl_lpuart.o
 .debug_frame   0x00002720      0x468 ./drivers/fsl_spi.o
 .debug_frame   0x00002b88      0x428 ./drivers/fsl_uart.o
 .debug_frame   0x00002fb0       0x50 ./board/board.o
 .debug_frame   0x00003000       0xec ./board/clock_config.o
 .debug_frame   0x000030ec       0x6c ./board/pin_mux.o
 .debug_frame   0x00003158       0x20 c:/freescale/kds_v3/toolchain/bin/../lib/gcc/arm-none-eabi/4.8.4/armv6-m\libgcc.a(_udivsi3.o)
 .debug_frame   0x00003178       0x20 c:/freescale/kds_v3/toolchain/bin/../lib/gcc/arm-none-eabi/4.8.4/armv6-m\libgcc.a(_divsi3.o)
 .debug_frame   0x00003198       0x28 c:/freescale/kds_v3/toolchain/bin/../lib/gcc/arm-none-eabi/4.8.4/../../../../arm-none-eabi/lib/armv6-m\libg_s.a(lib_a-exit.o)
 .debug_frame   0x000031c0       0x2c c:/freescale/kds_v3/toolchain/bin/../lib/gcc/arm-none-eabi/4.8.4/../../../../arm-none-eabi/lib/armv6-m\libg_s.a(lib_a-init.o)
 .debug_frame   0x000031ec       0x28 c:/freescale/kds_v3/toolchain/bin/../lib/gcc/arm-none-eabi/4.8.4/../../../../arm-none-eabi/lib/armv6-m\libg_s.a(lib_a-memcpy-stub.o)
 .debug_frame   0x00003214       0x20 c:/freescale/kds_v3/toolchain/bin/../lib/gcc/arm-none-eabi/4.8.4/../../../../arm-none-eabi/lib/armv6-m\libg_s.a(lib_a-memset.o)
 .debug_frame   0x00003234       0x20 c:/freescale/kds_v3/toolchain/bin/../lib/gcc/arm-none-eabi/4.8.4/../../../../arm-none-eabi/lib/armv6-m\libg_s.a(lib_a-strlen.o)
 .debug_frame   0x00003254       0x20 c:/freescale/kds_v3/toolchain/bin/../lib/gcc/arm-none-eabi/4.8.4/../../../../arm-none-eabi/lib/armv6-m\libnosys.a(_exit.o)
